SCIDB QUERY : <create array Ts_rle <a:float null compression 'rle'> [x=-2:3,2,2,y=0:2,3,0]>
Query was executed successfully

SCIDB QUERY : <create array Ts_d <a:float null compression 'dictionary'> [x=-2:3,2,2,y=0:2,3,0]>
Query was executed successfully

SCIDB QUERY : <create array Ts_ns <a:float null compression 'null suppression'> [x=-2:3,2,2,y=0:2,3,0]>
Query was executed successfully

SCIDB QUERY : <create array Ts_be <a:float null compression 'bitmap encoding'> [x=-2:3,2,2,y=0:2,3,0]>
Query was executed successfully

SCIDB QUERY : <create array Ts_z <a:float null compression 'zlib'> [x=-2:3,2,2,y=0:2,3,0]>
Query was executed successfully

SCIDB QUERY : <create array Ts_bz <a:float null compression 'bzlib'> [x=-2:3,2,2,y=0:2,3,0]>
Query was executed successfully

SCIDB QUERY : <create array Ts_nf <a:float null compression 'null filter'> [x=-2:3,2,2,y=0:2,3,0]>
Query was executed successfully

SCIDB QUERY : <create array eTs_rle <a:float null compression 'rle'> [x=-2:3,2,2,y=0:2,3,0]>
Query was executed successfully

SCIDB QUERY : <create array eTs_d <a:float null compression 'dictionary'> [x=-2:3,2,2,y=0:2,3,0]>
Query was executed successfully

SCIDB QUERY : <create array eTs_ns <a:float null compression 'null suppression'> [x=-2:3,2,2,y=0:2,3,0]>
Query was executed successfully

SCIDB QUERY : <create array eTs_be <a:float null compression 'bitmap encoding'> [x=-2:3,2,2,y=0:2,3,0]>
Query was executed successfully

SCIDB QUERY : <create array eTs_z <a:float null compression 'zlib'> [x=-2:3,2,2,y=0:2,3,0]>
Query was executed successfully

SCIDB QUERY : <create array eTs_bz <a:float null compression 'bzlib'> [x=-2:3,2,2,y=0:2,3,0]>
Query was executed successfully

SCIDB QUERY : <create array eTs_nf <a:float null compression 'null filter'> [x=-2:3,2,2,y=0:2,3,0]>
Query was executed successfully

SCIDB QUERY : <create array dTs_rle <a:float null default 1.2 compression 'rle'> [x=-2:3,2,2,y=0:2,3,0]>
Query was executed successfully

SCIDB QUERY : <create array dTs_d <a:float null default 1.2 compression 'dictionary'> [x=-2:3,2,2,y=0:2,3,0]>
Query was executed successfully

SCIDB QUERY : <create array dTs_ns <a:float null default 1.2 compression 'null suppression'> [x=-2:3,2,2,y=0:2,3,0]>
Query was executed successfully

SCIDB QUERY : <create array dTs_be <a:float null default 1.2 compression 'bitmap encoding'> [x=-2:3,2,2,y=0:2,3,0]>
Query was executed successfully

SCIDB QUERY : <create array dTs_z <a:float null default 1.2 compression 'zlib'> [x=-2:3,2,2,y=0:2,3,0]>
Query was executed successfully

SCIDB QUERY : <create array dTs_bz <a:float null default 1.2 compression 'bzlib'> [x=-2:3,2,2,y=0:2,3,0]>
Query was executed successfully

SCIDB QUERY : <create array dTs_nf <a:float null default 1.2 compression 'null filter'> [x=-2:3,2,2,y=0:2,3,0]>
Query was executed successfully

SCIDB QUERY : <create array edTs_rle <a:float null default 1.2 compression 'rle'> [x=-2:3,2,2,y=0:2,3,0]>
Query was executed successfully

SCIDB QUERY : <create array edTs_d <a:float null default 1.2 compression 'dictionary'> [x=-2:3,2,2,y=0:2,3,0]>
Query was executed successfully

SCIDB QUERY : <create array edTs_ns <a:float null default 1.2 compression 'null suppression'> [x=-2:3,2,2,y=0:2,3,0]>
Query was executed successfully

SCIDB QUERY : <create array edTs_be <a:float null default 1.2 compression 'bitmap encoding'> [x=-2:3,2,2,y=0:2,3,0]>
Query was executed successfully

SCIDB QUERY : <create array edTs_z <a:float null default 1.2 compression 'zlib'> [x=-2:3,2,2,y=0:2,3,0]>
Query was executed successfully

SCIDB QUERY : <create array edTs_bz <a:float null default 1.2 compression 'bzlib'> [x=-2:3,2,2,y=0:2,3,0]>
Query was executed successfully

SCIDB QUERY : <create array edTs_nf <a:float null default 1.2 compression 'null filter'> [x=-2:3,2,2,y=0:2,3,0]>
Query was executed successfully

SCIDB QUERY : <create array Ts_rle2 <a:float null compression 'rle'> [x=-2:3,2,2,y=0:2,3,0]>
Query was executed successfully

SCIDB QUERY : <create array Ts_d2 <a:float null compression 'dictionary'> [x=-2:3,2,2,y=0:2,3,0]>
Query was executed successfully

SCIDB QUERY : <create array Ts_ns2 <a:float null compression 'null suppression'> [x=-2:3,2,2,y=0:2,3,0]>
Query was executed successfully

SCIDB QUERY : <create array Ts_be2 <a:float null compression 'bitmap encoding'> [x=-2:3,2,2,y=0:2,3,0]>
Query was executed successfully

SCIDB QUERY : <create array Ts_z2 <a:float null compression 'zlib'> [x=-2:3,2,2,y=0:2,3,0]>
Query was executed successfully

SCIDB QUERY : <create array Ts_bz2 <a:float null compression 'bzlib'> [x=-2:3,2,2,y=0:2,3,0]>
Query was executed successfully

SCIDB QUERY : <create array Ts_nf2 <a:float null compression 'null filter'> [x=-2:3,2,2,y=0:2,3,0]>
Query was executed successfully

SCIDB QUERY : <create array eTs_rle2 <a:float null compression 'rle'> [x=-2:3,2,2,y=0:2,3,0]>
Query was executed successfully

SCIDB QUERY : <create array eTs_d2 <a:float null compression 'dictionary'> [x=-2:3,2,2,y=0:2,3,0]>
Query was executed successfully

SCIDB QUERY : <create array eTs_ns2 <a:float null compression 'null suppression'> [x=-2:3,2,2,y=0:2,3,0]>
Query was executed successfully

SCIDB QUERY : <create array eTs_be2 <a:float null compression 'bitmap encoding'> [x=-2:3,2,2,y=0:2,3,0]>
Query was executed successfully

SCIDB QUERY : <create array eTs_z2 <a:float null compression 'zlib'> [x=-2:3,2,2,y=0:2,3,0]>
Query was executed successfully

SCIDB QUERY : <create array eTs_bz2 <a:float null compression 'bzlib'> [x=-2:3,2,2,y=0:2,3,0]>
Query was executed successfully

SCIDB QUERY : <create array eTs_nf2 <a:float null compression 'null filter'> [x=-2:3,2,2,y=0:2,3,0]>
Query was executed successfully

SCIDB QUERY : <create array dTs_rle2 <a:float null default 1.2 compression 'rle'> [x=-2:3,2,2,y=0:2,3,0]>
Query was executed successfully

SCIDB QUERY : <create array dTs_d2 <a:float null default 1.2 compression 'dictionary'> [x=-2:3,2,2,y=0:2,3,0]>
Query was executed successfully

SCIDB QUERY : <create array dTs_ns2 <a:float null default 1.2 compression 'null suppression'> [x=-2:3,2,2,y=0:2,3,0]>
Query was executed successfully

SCIDB QUERY : <create array dTs_be2 <a:float null default 1.2 compression 'bitmap encoding'> [x=-2:3,2,2,y=0:2,3,0]>
Query was executed successfully

SCIDB QUERY : <create array dTs_z2 <a:float null default 1.2 compression 'zlib'> [x=-2:3,2,2,y=0:2,3,0]>
Query was executed successfully

SCIDB QUERY : <create array dTs_bz2 <a:float null default 1.2 compression 'bzlib'> [x=-2:3,2,2,y=0:2,3,0]>
Query was executed successfully

SCIDB QUERY : <create array dTs_nf2 <a:float null default 1.2 compression 'null filter'> [x=-2:3,2,2,y=0:2,3,0]>
Query was executed successfully

SCIDB QUERY : <create array edTs_rle2 <a:float null default 1.2 compression 'rle'> [x=-2:3,2,2,y=0:2,3,0]>
Query was executed successfully

SCIDB QUERY : <create array edTs_d2 <a:float null default 1.2 compression 'dictionary'> [x=-2:3,2,2,y=0:2,3,0]>
Query was executed successfully

SCIDB QUERY : <create array edTs_ns2 <a:float null default 1.2 compression 'null suppression'> [x=-2:3,2,2,y=0:2,3,0]>
Query was executed successfully

SCIDB QUERY : <create array edTs_be2 <a:float null default 1.2 compression 'bitmap encoding'> [x=-2:3,2,2,y=0:2,3,0]>
Query was executed successfully

SCIDB QUERY : <create array edTs_z2 <a:float null default 1.2 compression 'zlib'> [x=-2:3,2,2,y=0:2,3,0]>
Query was executed successfully

SCIDB QUERY : <create array edTs_bz2 <a:float null default 1.2 compression 'bzlib'> [x=-2:3,2,2,y=0:2,3,0]>
Query was executed successfully

SCIDB QUERY : <create array edTs_nf2 <a:float null default 1.2 compression 'null filter'> [x=-2:3,2,2,y=0:2,3,0]>
Query was executed successfully

SCIDB QUERY : <iquery -c $IQUERY_HOST -p $IQUERY_PORT -q "load Ts_rle from '${TEST_DATA_DIR}/null_13.txt'">
{x,y} a
{-2,0} null
{-1,1} null
{-1,2} ?2
{0,0} ?1
{2,1} null

SCIDB QUERY : <iquery -c $IQUERY_HOST -p $IQUERY_PORT -q "load Ts_d from '${TEST_DATA_DIR}/null_13.txt'">
{x,y} a
{-2,0} null
{-1,1} null
{-1,2} ?2
{0,0} ?1
{2,1} null

SCIDB QUERY : <iquery -c $IQUERY_HOST -p $IQUERY_PORT -q "load Ts_ns from '${TEST_DATA_DIR}/null_13.txt'">
{x,y} a
{-2,0} null
{-1,1} null
{-1,2} ?2
{0,0} ?1
{2,1} null

SCIDB QUERY : <iquery -c $IQUERY_HOST -p $IQUERY_PORT -q "load Ts_be from '${TEST_DATA_DIR}/null_13.txt'">
{x,y} a
{-2,0} null
{-1,1} null
{-1,2} ?2
{0,0} ?1
{2,1} null

SCIDB QUERY : <iquery -c $IQUERY_HOST -p $IQUERY_PORT -q "load Ts_z from '${TEST_DATA_DIR}/null_13.txt'">
{x,y} a
{-2,0} null
{-1,1} null
{-1,2} ?2
{0,0} ?1
{2,1} null

SCIDB QUERY : <iquery -c $IQUERY_HOST -p $IQUERY_PORT -q "load Ts_bz from '${TEST_DATA_DIR}/null_13.txt'">
{x,y} a
{-2,0} null
{-1,1} null
{-1,2} ?2
{0,0} ?1
{2,1} null

SCIDB QUERY : <iquery -c $IQUERY_HOST -p $IQUERY_PORT -q "load Ts_nf from '${TEST_DATA_DIR}/null_13.txt'">
{x,y} a
{-2,0} null
{-1,1} null
{-1,2} ?2
{0,0} ?1
{2,1} null

SCIDB QUERY : <iquery -c $IQUERY_HOST -p $IQUERY_PORT -q "load dTs_rle from '${TEST_DATA_DIR}/null_13.txt'">
{x,y} a
{-2,0} null
{-1,1} null
{-1,2} ?2
{0,0} ?1
{2,1} null

SCIDB QUERY : <iquery -c $IQUERY_HOST -p $IQUERY_PORT -q "load dTs_d from '${TEST_DATA_DIR}/null_13.txt'">
{x,y} a
{-2,0} null
{-1,1} null
{-1,2} ?2
{0,0} ?1
{2,1} null

SCIDB QUERY : <iquery -c $IQUERY_HOST -p $IQUERY_PORT -q "load dTs_ns from '${TEST_DATA_DIR}/null_13.txt'">
{x,y} a
{-2,0} null
{-1,1} null
{-1,2} ?2
{0,0} ?1
{2,1} null

SCIDB QUERY : <iquery -c $IQUERY_HOST -p $IQUERY_PORT -q "load dTs_be from '${TEST_DATA_DIR}/null_13.txt'">
{x,y} a
{-2,0} null
{-1,1} null
{-1,2} ?2
{0,0} ?1
{2,1} null

SCIDB QUERY : <iquery -c $IQUERY_HOST -p $IQUERY_PORT -q "load dTs_z from '${TEST_DATA_DIR}/null_13.txt'">
{x,y} a
{-2,0} null
{-1,1} null
{-1,2} ?2
{0,0} ?1
{2,1} null

SCIDB QUERY : <iquery -c $IQUERY_HOST -p $IQUERY_PORT -q "load dTs_bz from '${TEST_DATA_DIR}/null_13.txt'">
{x,y} a
{-2,0} null
{-1,1} null
{-1,2} ?2
{0,0} ?1
{2,1} null

SCIDB QUERY : <iquery -c $IQUERY_HOST -p $IQUERY_PORT -q "load dTs_nf from '${TEST_DATA_DIR}/null_13.txt'">
{x,y} a
{-2,0} null
{-1,1} null
{-1,2} ?2
{0,0} ?1
{2,1} null

SCIDB QUERY : <iquery -c $IQUERY_HOST -p $IQUERY_PORT -q "load eTs_rle from '${TEST_DATA_DIR}/null_13.txt'">
{x,y} a
{-2,0} null
{-1,1} null
{-1,2} ?2
{0,0} ?1
{2,1} null

SCIDB QUERY : <iquery -c $IQUERY_HOST -p $IQUERY_PORT -q "load eTs_d from '${TEST_DATA_DIR}/null_13.txt'">
{x,y} a
{-2,0} null
{-1,1} null
{-1,2} ?2
{0,0} ?1
{2,1} null

SCIDB QUERY : <iquery -c $IQUERY_HOST -p $IQUERY_PORT -q "load eTs_ns from '${TEST_DATA_DIR}/null_13.txt'">
{x,y} a
{-2,0} null
{-1,1} null
{-1,2} ?2
{0,0} ?1
{2,1} null

SCIDB QUERY : <iquery -c $IQUERY_HOST -p $IQUERY_PORT -q "load eTs_be from '${TEST_DATA_DIR}/null_13.txt'">
{x,y} a
{-2,0} null
{-1,1} null
{-1,2} ?2
{0,0} ?1
{2,1} null

SCIDB QUERY : <iquery -c $IQUERY_HOST -p $IQUERY_PORT -q "load eTs_z from '${TEST_DATA_DIR}/null_13.txt'">
{x,y} a
{-2,0} null
{-1,1} null
{-1,2} ?2
{0,0} ?1
{2,1} null

SCIDB QUERY : <iquery -c $IQUERY_HOST -p $IQUERY_PORT -q "load eTs_bz from '${TEST_DATA_DIR}/null_13.txt'">
{x,y} a
{-2,0} null
{-1,1} null
{-1,2} ?2
{0,0} ?1
{2,1} null

SCIDB QUERY : <iquery -c $IQUERY_HOST -p $IQUERY_PORT -q "load eTs_nf from '${TEST_DATA_DIR}/null_13.txt'">
{x,y} a
{-2,0} null
{-1,1} null
{-1,2} ?2
{0,0} ?1
{2,1} null

SCIDB QUERY : <iquery -c $IQUERY_HOST -p $IQUERY_PORT -q "load edTs_rle from '${TEST_DATA_DIR}/null_13.txt'">
{x,y} a
{-2,0} null
{-1,1} null
{-1,2} ?2
{0,0} ?1
{2,1} null

SCIDB QUERY : <iquery -c $IQUERY_HOST -p $IQUERY_PORT -q "load edTs_d from '${TEST_DATA_DIR}/null_13.txt'">
{x,y} a
{-2,0} null
{-1,1} null
{-1,2} ?2
{0,0} ?1
{2,1} null

SCIDB QUERY : <iquery -c $IQUERY_HOST -p $IQUERY_PORT -q "load edTs_ns from '${TEST_DATA_DIR}/null_13.txt'">
{x,y} a
{-2,0} null
{-1,1} null
{-1,2} ?2
{0,0} ?1
{2,1} null

SCIDB QUERY : <iquery -c $IQUERY_HOST -p $IQUERY_PORT -q "load edTs_be from '${TEST_DATA_DIR}/null_13.txt'">
{x,y} a
{-2,0} null
{-1,1} null
{-1,2} ?2
{0,0} ?1
{2,1} null

SCIDB QUERY : <iquery -c $IQUERY_HOST -p $IQUERY_PORT -q "load edTs_z from '${TEST_DATA_DIR}/null_13.txt'">
{x,y} a
{-2,0} null
{-1,1} null
{-1,2} ?2
{0,0} ?1
{2,1} null

SCIDB QUERY : <iquery -c $IQUERY_HOST -p $IQUERY_PORT -q "load edTs_bz from '${TEST_DATA_DIR}/null_13.txt'">
{x,y} a
{-2,0} null
{-1,1} null
{-1,2} ?2
{0,0} ?1
{2,1} null

SCIDB QUERY : <iquery -c $IQUERY_HOST -p $IQUERY_PORT -q "load edTs_nf from '${TEST_DATA_DIR}/null_13.txt'">
{x,y} a
{-2,0} null
{-1,1} null
{-1,2} ?2
{0,0} ?1
{2,1} null

SCIDB QUERY : <iquery -c $IQUERY_HOST -p $IQUERY_PORT -q "load Ts_rle2 from '${TEST_DATA_DIR}/null_14.txt'">
{x,y} a
{-1,1} null
{0,2} ?3
{2,0} ?1
{2,1} null
{3,2} ?2

SCIDB QUERY : <iquery -c $IQUERY_HOST -p $IQUERY_PORT -q "load Ts_d2 from '${TEST_DATA_DIR}/null_14.txt'">
{x,y} a
{-1,1} null
{0,2} ?3
{2,0} ?1
{2,1} null
{3,2} ?2

SCIDB QUERY : <iquery -c $IQUERY_HOST -p $IQUERY_PORT -q "load Ts_ns2 from '${TEST_DATA_DIR}/null_14.txt'">
{x,y} a
{-1,1} null
{0,2} ?3
{2,0} ?1
{2,1} null
{3,2} ?2

SCIDB QUERY : <iquery -c $IQUERY_HOST -p $IQUERY_PORT -q "load Ts_be2 from '${TEST_DATA_DIR}/null_14.txt'">
{x,y} a
{-1,1} null
{0,2} ?3
{2,0} ?1
{2,1} null
{3,2} ?2

SCIDB QUERY : <iquery -c $IQUERY_HOST -p $IQUERY_PORT -q "load Ts_z2 from '${TEST_DATA_DIR}/null_14.txt'">
{x,y} a
{-1,1} null
{0,2} ?3
{2,0} ?1
{2,1} null
{3,2} ?2

SCIDB QUERY : <iquery -c $IQUERY_HOST -p $IQUERY_PORT -q "load Ts_bz2 from '${TEST_DATA_DIR}/null_14.txt'">
{x,y} a
{-1,1} null
{0,2} ?3
{2,0} ?1
{2,1} null
{3,2} ?2

SCIDB QUERY : <iquery -c $IQUERY_HOST -p $IQUERY_PORT -q "load Ts_nf2 from '${TEST_DATA_DIR}/null_14.txt'">
{x,y} a
{-1,1} null
{0,2} ?3
{2,0} ?1
{2,1} null
{3,2} ?2

SCIDB QUERY : <iquery -c $IQUERY_HOST -p $IQUERY_PORT -q "load dTs_rle2 from '${TEST_DATA_DIR}/null_14.txt'">
{x,y} a
{-1,1} null
{0,2} ?3
{2,0} ?1
{2,1} null
{3,2} ?2

SCIDB QUERY : <iquery -c $IQUERY_HOST -p $IQUERY_PORT -q "load dTs_d2 from '${TEST_DATA_DIR}/null_14.txt'">
{x,y} a
{-1,1} null
{0,2} ?3
{2,0} ?1
{2,1} null
{3,2} ?2

SCIDB QUERY : <iquery -c $IQUERY_HOST -p $IQUERY_PORT -q "load dTs_ns2 from '${TEST_DATA_DIR}/null_14.txt'">
{x,y} a
{-1,1} null
{0,2} ?3
{2,0} ?1
{2,1} null
{3,2} ?2

SCIDB QUERY : <iquery -c $IQUERY_HOST -p $IQUERY_PORT -q "load dTs_be2 from '${TEST_DATA_DIR}/null_14.txt'">
{x,y} a
{-1,1} null
{0,2} ?3
{2,0} ?1
{2,1} null
{3,2} ?2

SCIDB QUERY : <iquery -c $IQUERY_HOST -p $IQUERY_PORT -q "load dTs_z2 from '${TEST_DATA_DIR}/null_14.txt'">
{x,y} a
{-1,1} null
{0,2} ?3
{2,0} ?1
{2,1} null
{3,2} ?2

SCIDB QUERY : <iquery -c $IQUERY_HOST -p $IQUERY_PORT -q "load dTs_bz2 from '${TEST_DATA_DIR}/null_14.txt'">
{x,y} a
{-1,1} null
{0,2} ?3
{2,0} ?1
{2,1} null
{3,2} ?2

SCIDB QUERY : <iquery -c $IQUERY_HOST -p $IQUERY_PORT -q "load dTs_nf2 from '${TEST_DATA_DIR}/null_14.txt'">
{x,y} a
{-1,1} null
{0,2} ?3
{2,0} ?1
{2,1} null
{3,2} ?2

SCIDB QUERY : <iquery -c $IQUERY_HOST -p $IQUERY_PORT -q "load eTs_rle2 from '${TEST_DATA_DIR}/null_14.txt'">
{x,y} a
{-1,1} null
{0,2} ?3
{2,0} ?1
{2,1} null
{3,2} ?2

SCIDB QUERY : <iquery -c $IQUERY_HOST -p $IQUERY_PORT -q "load eTs_d2 from '${TEST_DATA_DIR}/null_14.txt'">
{x,y} a
{-1,1} null
{0,2} ?3
{2,0} ?1
{2,1} null
{3,2} ?2

SCIDB QUERY : <iquery -c $IQUERY_HOST -p $IQUERY_PORT -q "load eTs_ns2 from '${TEST_DATA_DIR}/null_14.txt'">
{x,y} a
{-1,1} null
{0,2} ?3
{2,0} ?1
{2,1} null
{3,2} ?2

SCIDB QUERY : <iquery -c $IQUERY_HOST -p $IQUERY_PORT -q "load eTs_be2 from '${TEST_DATA_DIR}/null_14.txt'">
{x,y} a
{-1,1} null
{0,2} ?3
{2,0} ?1
{2,1} null
{3,2} ?2

SCIDB QUERY : <iquery -c $IQUERY_HOST -p $IQUERY_PORT -q "load eTs_z2 from '${TEST_DATA_DIR}/null_14.txt'">
{x,y} a
{-1,1} null
{0,2} ?3
{2,0} ?1
{2,1} null
{3,2} ?2

SCIDB QUERY : <iquery -c $IQUERY_HOST -p $IQUERY_PORT -q "load eTs_bz2 from '${TEST_DATA_DIR}/null_14.txt'">
{x,y} a
{-1,1} null
{0,2} ?3
{2,0} ?1
{2,1} null
{3,2} ?2

SCIDB QUERY : <iquery -c $IQUERY_HOST -p $IQUERY_PORT -q "load eTs_nf2 from '${TEST_DATA_DIR}/null_14.txt'">
{x,y} a
{-1,1} null
{0,2} ?3
{2,0} ?1
{2,1} null
{3,2} ?2

SCIDB QUERY : <iquery -c $IQUERY_HOST -p $IQUERY_PORT -q "load edTs_rle2 from '${TEST_DATA_DIR}/null_14.txt'">
{x,y} a
{-1,1} null
{0,2} ?3
{2,0} ?1
{2,1} null
{3,2} ?2

SCIDB QUERY : <iquery -c $IQUERY_HOST -p $IQUERY_PORT -q "load edTs_d2 from '${TEST_DATA_DIR}/null_14.txt'">
{x,y} a
{-1,1} null
{0,2} ?3
{2,0} ?1
{2,1} null
{3,2} ?2

SCIDB QUERY : <iquery -c $IQUERY_HOST -p $IQUERY_PORT -q "load edTs_ns2 from '${TEST_DATA_DIR}/null_14.txt'">
{x,y} a
{-1,1} null
{0,2} ?3
{2,0} ?1
{2,1} null
{3,2} ?2

SCIDB QUERY : <iquery -c $IQUERY_HOST -p $IQUERY_PORT -q "load edTs_be2 from '${TEST_DATA_DIR}/null_14.txt'">
{x,y} a
{-1,1} null
{0,2} ?3
{2,0} ?1
{2,1} null
{3,2} ?2

SCIDB QUERY : <iquery -c $IQUERY_HOST -p $IQUERY_PORT -q "load edTs_z2 from '${TEST_DATA_DIR}/null_14.txt'">
{x,y} a
{-1,1} null
{0,2} ?3
{2,0} ?1
{2,1} null
{3,2} ?2

SCIDB QUERY : <iquery -c $IQUERY_HOST -p $IQUERY_PORT -q "load edTs_bz2 from '${TEST_DATA_DIR}/null_14.txt'">
{x,y} a
{-1,1} null
{0,2} ?3
{2,0} ?1
{2,1} null
{3,2} ?2

SCIDB QUERY : <iquery -c $IQUERY_HOST -p $IQUERY_PORT -q "load edTs_nf2 from '${TEST_DATA_DIR}/null_14.txt'">
{x,y} a
{-1,1} null
{0,2} ?3
{2,0} ?1
{2,1} null
{3,2} ?2

SCIDB QUERY : <remove(Ts_rle)>
Query was executed successfully

SCIDB QUERY : <remove(Ts_d)>
Query was executed successfully

SCIDB QUERY : <remove(Ts_ns)>
Query was executed successfully

SCIDB QUERY : <remove(Ts_be)>
Query was executed successfully

SCIDB QUERY : <remove(Ts_z)>
Query was executed successfully

SCIDB QUERY : <remove(Ts_bz)>
Query was executed successfully

SCIDB QUERY : <remove(Ts_nf)>
Query was executed successfully

SCIDB QUERY : <remove(eTs_rle)>
Query was executed successfully

SCIDB QUERY : <remove(eTs_d)>
Query was executed successfully

SCIDB QUERY : <remove(eTs_ns)>
Query was executed successfully

SCIDB QUERY : <remove(eTs_be)>
Query was executed successfully

SCIDB QUERY : <remove(eTs_z)>
Query was executed successfully

SCIDB QUERY : <remove(eTs_bz)>
Query was executed successfully

SCIDB QUERY : <remove(eTs_nf)>
Query was executed successfully

SCIDB QUERY : <remove(dTs_rle)>
Query was executed successfully

SCIDB QUERY : <remove(dTs_d)>
Query was executed successfully

SCIDB QUERY : <remove(dTs_ns)>
Query was executed successfully

SCIDB QUERY : <remove(dTs_be)>
Query was executed successfully

SCIDB QUERY : <remove(dTs_z)>
Query was executed successfully

SCIDB QUERY : <remove(dTs_bz)>
Query was executed successfully

SCIDB QUERY : <remove(dTs_nf)>
Query was executed successfully

SCIDB QUERY : <remove(edTs_rle)>
Query was executed successfully

SCIDB QUERY : <remove(edTs_d)>
Query was executed successfully

SCIDB QUERY : <remove(edTs_ns)>
Query was executed successfully

SCIDB QUERY : <remove(edTs_be)>
Query was executed successfully

SCIDB QUERY : <remove(edTs_z)>
Query was executed successfully

SCIDB QUERY : <remove(edTs_bz)>
Query was executed successfully

SCIDB QUERY : <remove(edTs_nf)>
Query was executed successfully

SCIDB QUERY : <remove(Ts_rle2)>
Query was executed successfully

SCIDB QUERY : <remove(Ts_d2)>
Query was executed successfully

SCIDB QUERY : <remove(Ts_ns2)>
Query was executed successfully

SCIDB QUERY : <remove(Ts_be2)>
Query was executed successfully

SCIDB QUERY : <remove(Ts_z2)>
Query was executed successfully

SCIDB QUERY : <remove(Ts_bz2)>
Query was executed successfully

SCIDB QUERY : <remove(Ts_nf2)>
Query was executed successfully

SCIDB QUERY : <remove(dTs_rle2)>
Query was executed successfully

SCIDB QUERY : <remove(dTs_d2)>
Query was executed successfully

SCIDB QUERY : <remove(dTs_ns2)>
Query was executed successfully

SCIDB QUERY : <remove(dTs_be2)>
Query was executed successfully

SCIDB QUERY : <remove(dTs_z2)>
Query was executed successfully

SCIDB QUERY : <remove(dTs_bz2)>
Query was executed successfully

SCIDB QUERY : <remove(dTs_nf2)>
Query was executed successfully

SCIDB QUERY : <remove(eTs_rle2)>
Query was executed successfully

SCIDB QUERY : <remove(eTs_d2)>
Query was executed successfully

SCIDB QUERY : <remove(eTs_ns2)>
Query was executed successfully

SCIDB QUERY : <remove(eTs_be2)>
Query was executed successfully

SCIDB QUERY : <remove(eTs_z2)>
Query was executed successfully

SCIDB QUERY : <remove(eTs_bz2)>
Query was executed successfully

SCIDB QUERY : <remove(eTs_nf2)>
Query was executed successfully

SCIDB QUERY : <remove(edTs_rle2)>
Query was executed successfully

SCIDB QUERY : <remove(edTs_d2)>
Query was executed successfully

SCIDB QUERY : <remove(edTs_ns2)>
Query was executed successfully

SCIDB QUERY : <remove(edTs_be2)>
Query was executed successfully

SCIDB QUERY : <remove(edTs_z2)>
Query was executed successfully

SCIDB QUERY : <remove(edTs_bz2)>
Query was executed successfully

SCIDB QUERY : <remove(edTs_nf2)>
Query was executed successfully

