Query was executed successfully

Query was executed successfully

{x} a
{0} 1
{1} 2
{2} 3

{y} b
{0} 'b1'
{1} 'b2'
{2} 'b3'

{x} a,b
{0} 1,'b1'
{1} 2,'b2'
{2} 3,'b3'

{x} a,b
{0} 1,'b1'
{1} 2,'b2'
{2} 3,'b3'

{x} a,b,a,b
{0} 1,'b1',1,'b1'
{1} 2,'b2',2,'b2'
{2} 3,'b3',3,'b3'

Query was executed successfully

Query was executed successfully

Query was executed successfully

Query was executed successfully

