SVD_METRIC_1 matrix type svdrandom, RxC 1x1, chunk_size 32, error_limit 50 PASS : TRUE
SVD_METRIC_2 matrix type svdrandom, RxC 1x1, chunk_size 32, error_limit 50 PASS : TRUE
SVD_METRIC_3 matrix type svdrandom, RxC 1x1, chunk_size 32, error_limit 50 PASS : TRUE
SVD_METRIC_4 matrix type svdrandom, RxC 1x1, chunk_size 32, error_limit 50 PASS : TRUE
SVD_METRIC_1 matrix type svdrandom, RxC 12x12, chunk_size 32, error_limit 50 PASS : TRUE
SVD_METRIC_2 matrix type svdrandom, RxC 12x12, chunk_size 32, error_limit 50 PASS : TRUE
SVD_METRIC_3 matrix type svdrandom, RxC 12x12, chunk_size 32, error_limit 50 PASS : TRUE
SVD_METRIC_4 matrix type svdrandom, RxC 12x12, chunk_size 32, error_limit 50 PASS : TRUE
SVD_METRIC_1 matrix type svdrandom, RxC 23x23, chunk_size 32, error_limit 50 PASS : TRUE
SVD_METRIC_2 matrix type svdrandom, RxC 23x23, chunk_size 32, error_limit 50 PASS : TRUE
SVD_METRIC_3 matrix type svdrandom, RxC 23x23, chunk_size 32, error_limit 50 PASS : TRUE
SVD_METRIC_4 matrix type svdrandom, RxC 23x23, chunk_size 32, error_limit 50 PASS : TRUE
SVD_METRIC_1 matrix type svdrandom, RxC 34x34, chunk_size 32, error_limit 50 PASS : TRUE
SVD_METRIC_2 matrix type svdrandom, RxC 34x34, chunk_size 32, error_limit 50 PASS : TRUE
SVD_METRIC_3 matrix type svdrandom, RxC 34x34, chunk_size 32, error_limit 50 PASS : TRUE
SVD_METRIC_4 matrix type svdrandom, RxC 34x34, chunk_size 32, error_limit 50 PASS : TRUE
SVD_METRIC_1 matrix type svdrandom, RxC 45x45, chunk_size 32, error_limit 50 PASS : TRUE
SVD_METRIC_2 matrix type svdrandom, RxC 45x45, chunk_size 32, error_limit 50 PASS : TRUE
SVD_METRIC_3 matrix type svdrandom, RxC 45x45, chunk_size 32, error_limit 50 PASS : TRUE
SVD_METRIC_4 matrix type svdrandom, RxC 45x45, chunk_size 32, error_limit 50 PASS : TRUE
SVD_METRIC_1 matrix type svdrandom, RxC 56x56, chunk_size 32, error_limit 50 PASS : TRUE
SVD_METRIC_2 matrix type svdrandom, RxC 56x56, chunk_size 32, error_limit 50 PASS : TRUE
SVD_METRIC_3 matrix type svdrandom, RxC 56x56, chunk_size 32, error_limit 50 PASS : TRUE
SVD_METRIC_4 matrix type svdrandom, RxC 56x56, chunk_size 32, error_limit 50 PASS : TRUE
SVD_METRIC_1 matrix type svdrandom, RxC 67x67, chunk_size 32, error_limit 50 PASS : TRUE
SVD_METRIC_2 matrix type svdrandom, RxC 67x67, chunk_size 32, error_limit 50 PASS : TRUE
SVD_METRIC_3 matrix type svdrandom, RxC 67x67, chunk_size 32, error_limit 50 PASS : TRUE
SVD_METRIC_4 matrix type svdrandom, RxC 67x67, chunk_size 32, error_limit 50 PASS : TRUE
SVD_METRIC_1 matrix type svdrandom, RxC 78x78, chunk_size 32, error_limit 50 PASS : TRUE
SVD_METRIC_2 matrix type svdrandom, RxC 78x78, chunk_size 32, error_limit 50 PASS : TRUE
SVD_METRIC_3 matrix type svdrandom, RxC 78x78, chunk_size 32, error_limit 50 PASS : TRUE
SVD_METRIC_4 matrix type svdrandom, RxC 78x78, chunk_size 32, error_limit 50 PASS : TRUE
SVD_METRIC_1 matrix type svdrandom, RxC 89x89, chunk_size 32, error_limit 50 PASS : TRUE
SVD_METRIC_2 matrix type svdrandom, RxC 89x89, chunk_size 32, error_limit 50 PASS : TRUE
SVD_METRIC_3 matrix type svdrandom, RxC 89x89, chunk_size 32, error_limit 50 PASS : TRUE
SVD_METRIC_4 matrix type svdrandom, RxC 89x89, chunk_size 32, error_limit 50 PASS : TRUE
SVD_METRIC_1 matrix type svdrandom, RxC 100x100, chunk_size 32, error_limit 50 PASS : TRUE
SVD_METRIC_2 matrix type svdrandom, RxC 100x100, chunk_size 32, error_limit 50 PASS : TRUE
SVD_METRIC_3 matrix type svdrandom, RxC 100x100, chunk_size 32, error_limit 50 PASS : TRUE
SVD_METRIC_4 matrix type svdrandom, RxC 100x100, chunk_size 32, error_limit 50 PASS : TRUE
SVD_METRIC_1 matrix type svdrandom, RxC 111x111, chunk_size 32, error_limit 50 PASS : TRUE
SVD_METRIC_2 matrix type svdrandom, RxC 111x111, chunk_size 32, error_limit 50 PASS : TRUE
SVD_METRIC_3 matrix type svdrandom, RxC 111x111, chunk_size 32, error_limit 50 PASS : TRUE
SVD_METRIC_4 matrix type svdrandom, RxC 111x111, chunk_size 32, error_limit 50 PASS : TRUE
SVD_METRIC_1 matrix type svdrandom, RxC 122x122, chunk_size 32, error_limit 50 PASS : TRUE
SVD_METRIC_2 matrix type svdrandom, RxC 122x122, chunk_size 32, error_limit 50 PASS : TRUE
SVD_METRIC_3 matrix type svdrandom, RxC 122x122, chunk_size 32, error_limit 50 PASS : TRUE
SVD_METRIC_4 matrix type svdrandom, RxC 122x122, chunk_size 32, error_limit 50 PASS : TRUE
SVD_METRIC_1 matrix type svdrandom, RxC 133x133, chunk_size 32, error_limit 50 PASS : TRUE
SVD_METRIC_2 matrix type svdrandom, RxC 133x133, chunk_size 32, error_limit 50 PASS : TRUE
SVD_METRIC_3 matrix type svdrandom, RxC 133x133, chunk_size 32, error_limit 50 PASS : TRUE
SVD_METRIC_4 matrix type svdrandom, RxC 133x133, chunk_size 32, error_limit 50 PASS : TRUE
SVD_METRIC_1 matrix type svdrandom, RxC 144x144, chunk_size 32, error_limit 50 PASS : TRUE
SVD_METRIC_2 matrix type svdrandom, RxC 144x144, chunk_size 32, error_limit 50 PASS : TRUE
SVD_METRIC_3 matrix type svdrandom, RxC 144x144, chunk_size 32, error_limit 50 PASS : TRUE
SVD_METRIC_4 matrix type svdrandom, RxC 144x144, chunk_size 32, error_limit 50 PASS : TRUE
SVD_METRIC_1 matrix type svdrandom, RxC 155x155, chunk_size 32, error_limit 50 PASS : TRUE
SVD_METRIC_2 matrix type svdrandom, RxC 155x155, chunk_size 32, error_limit 50 PASS : TRUE
SVD_METRIC_3 matrix type svdrandom, RxC 155x155, chunk_size 32, error_limit 50 PASS : TRUE
SVD_METRIC_4 matrix type svdrandom, RxC 155x155, chunk_size 32, error_limit 50 PASS : TRUE
SVD_METRIC_1 matrix type svdrandom, RxC 166x166, chunk_size 32, error_limit 50 PASS : TRUE
SVD_METRIC_2 matrix type svdrandom, RxC 166x166, chunk_size 32, error_limit 50 PASS : TRUE
SVD_METRIC_3 matrix type svdrandom, RxC 166x166, chunk_size 32, error_limit 50 PASS : TRUE
SVD_METRIC_4 matrix type svdrandom, RxC 166x166, chunk_size 32, error_limit 50 PASS : TRUE
SVD_METRIC_1 matrix type svdrandom, RxC 177x177, chunk_size 32, error_limit 50 PASS : TRUE
SVD_METRIC_2 matrix type svdrandom, RxC 177x177, chunk_size 32, error_limit 50 PASS : TRUE
SVD_METRIC_3 matrix type svdrandom, RxC 177x177, chunk_size 32, error_limit 50 PASS : TRUE
SVD_METRIC_4 matrix type svdrandom, RxC 177x177, chunk_size 32, error_limit 50 PASS : TRUE
SVD_METRIC_1 matrix type svdrandom, RxC 188x188, chunk_size 32, error_limit 50 PASS : TRUE
SVD_METRIC_2 matrix type svdrandom, RxC 188x188, chunk_size 32, error_limit 50 PASS : TRUE
SVD_METRIC_3 matrix type svdrandom, RxC 188x188, chunk_size 32, error_limit 50 PASS : TRUE
SVD_METRIC_4 matrix type svdrandom, RxC 188x188, chunk_size 32, error_limit 50 PASS : TRUE
SVD_METRIC_1 matrix type svdrandom, RxC 199x199, chunk_size 32, error_limit 50 PASS : TRUE
SVD_METRIC_2 matrix type svdrandom, RxC 199x199, chunk_size 32, error_limit 50 PASS : TRUE
SVD_METRIC_3 matrix type svdrandom, RxC 199x199, chunk_size 32, error_limit 50 PASS : TRUE
SVD_METRIC_4 matrix type svdrandom, RxC 199x199, chunk_size 32, error_limit 50 PASS : TRUE
SVD_METRIC_1 matrix type svdrandom, RxC 210x210, chunk_size 32, error_limit 50 PASS : TRUE
SVD_METRIC_2 matrix type svdrandom, RxC 210x210, chunk_size 32, error_limit 50 PASS : TRUE
SVD_METRIC_3 matrix type svdrandom, RxC 210x210, chunk_size 32, error_limit 50 PASS : TRUE
SVD_METRIC_4 matrix type svdrandom, RxC 210x210, chunk_size 32, error_limit 50 PASS : TRUE
SVD_METRIC_1 matrix type svdrandom, RxC 221x221, chunk_size 32, error_limit 50 PASS : TRUE
SVD_METRIC_2 matrix type svdrandom, RxC 221x221, chunk_size 32, error_limit 50 PASS : TRUE
SVD_METRIC_3 matrix type svdrandom, RxC 221x221, chunk_size 32, error_limit 50 PASS : TRUE
SVD_METRIC_4 matrix type svdrandom, RxC 221x221, chunk_size 32, error_limit 50 PASS : TRUE
SVD_METRIC_1 matrix type svdrandom, RxC 232x232, chunk_size 32, error_limit 50 PASS : TRUE
SVD_METRIC_2 matrix type svdrandom, RxC 232x232, chunk_size 32, error_limit 50 PASS : TRUE
SVD_METRIC_3 matrix type svdrandom, RxC 232x232, chunk_size 32, error_limit 50 PASS : TRUE
SVD_METRIC_4 matrix type svdrandom, RxC 232x232, chunk_size 32, error_limit 50 PASS : TRUE
SVD_METRIC_1 matrix type svdrandom, RxC 243x243, chunk_size 32, error_limit 50 PASS : TRUE
SVD_METRIC_2 matrix type svdrandom, RxC 243x243, chunk_size 32, error_limit 50 PASS : TRUE
SVD_METRIC_3 matrix type svdrandom, RxC 243x243, chunk_size 32, error_limit 50 PASS : TRUE
SVD_METRIC_4 matrix type svdrandom, RxC 243x243, chunk_size 32, error_limit 50 PASS : TRUE
SVD_METRIC_1 matrix type svdrandom, RxC 254x254, chunk_size 32, error_limit 50 PASS : TRUE
SVD_METRIC_2 matrix type svdrandom, RxC 254x254, chunk_size 32, error_limit 50 PASS : TRUE
SVD_METRIC_3 matrix type svdrandom, RxC 254x254, chunk_size 32, error_limit 50 PASS : TRUE
SVD_METRIC_4 matrix type svdrandom, RxC 254x254, chunk_size 32, error_limit 50 PASS : TRUE
SVD_METRIC_1 matrix type svdrandom, RxC 265x265, chunk_size 32, error_limit 50 PASS : TRUE
SVD_METRIC_2 matrix type svdrandom, RxC 265x265, chunk_size 32, error_limit 50 PASS : TRUE
SVD_METRIC_3 matrix type svdrandom, RxC 265x265, chunk_size 32, error_limit 50 PASS : TRUE
SVD_METRIC_4 matrix type svdrandom, RxC 265x265, chunk_size 32, error_limit 50 PASS : TRUE
SVD_METRIC_1 matrix type svdrandom, RxC 276x276, chunk_size 32, error_limit 50 PASS : TRUE
SVD_METRIC_2 matrix type svdrandom, RxC 276x276, chunk_size 32, error_limit 50 PASS : TRUE
SVD_METRIC_3 matrix type svdrandom, RxC 276x276, chunk_size 32, error_limit 50 PASS : TRUE
SVD_METRIC_4 matrix type svdrandom, RxC 276x276, chunk_size 32, error_limit 50 PASS : TRUE
SVD_METRIC_1 matrix type svdrandom, RxC 287x287, chunk_size 32, error_limit 50 PASS : TRUE
SVD_METRIC_2 matrix type svdrandom, RxC 287x287, chunk_size 32, error_limit 50 PASS : TRUE
SVD_METRIC_3 matrix type svdrandom, RxC 287x287, chunk_size 32, error_limit 50 PASS : TRUE
SVD_METRIC_4 matrix type svdrandom, RxC 287x287, chunk_size 32, error_limit 50 PASS : TRUE
SVD_METRIC_1 matrix type svdrandom, RxC 298x298, chunk_size 32, error_limit 50 PASS : TRUE
SVD_METRIC_2 matrix type svdrandom, RxC 298x298, chunk_size 32, error_limit 50 PASS : TRUE
SVD_METRIC_3 matrix type svdrandom, RxC 298x298, chunk_size 32, error_limit 50 PASS : TRUE
SVD_METRIC_4 matrix type svdrandom, RxC 298x298, chunk_size 32, error_limit 50 PASS : TRUE
SVD_METRIC_1 matrix type svdrandom, RxC 309x309, chunk_size 32, error_limit 50 PASS : TRUE
SVD_METRIC_2 matrix type svdrandom, RxC 309x309, chunk_size 32, error_limit 50 PASS : TRUE
SVD_METRIC_3 matrix type svdrandom, RxC 309x309, chunk_size 32, error_limit 50 PASS : TRUE
SVD_METRIC_4 matrix type svdrandom, RxC 309x309, chunk_size 32, error_limit 50 PASS : TRUE
SVD_METRIC_1 matrix type svdrandom, RxC 320x320, chunk_size 32, error_limit 50 PASS : TRUE
SVD_METRIC_2 matrix type svdrandom, RxC 320x320, chunk_size 32, error_limit 50 PASS : TRUE
SVD_METRIC_3 matrix type svdrandom, RxC 320x320, chunk_size 32, error_limit 50 PASS : TRUE
SVD_METRIC_4 matrix type svdrandom, RxC 320x320, chunk_size 32, error_limit 50 PASS : TRUE
SVD_METRIC_1 matrix type svdrandom, RxC 331x331, chunk_size 32, error_limit 50 PASS : TRUE
SVD_METRIC_2 matrix type svdrandom, RxC 331x331, chunk_size 32, error_limit 50 PASS : TRUE
SVD_METRIC_3 matrix type svdrandom, RxC 331x331, chunk_size 32, error_limit 50 PASS : TRUE
SVD_METRIC_4 matrix type svdrandom, RxC 331x331, chunk_size 32, error_limit 50 PASS : TRUE
SVD_METRIC_1 matrix type svdrandom, RxC 342x342, chunk_size 32, error_limit 50 PASS : TRUE
SVD_METRIC_2 matrix type svdrandom, RxC 342x342, chunk_size 32, error_limit 50 PASS : TRUE
SVD_METRIC_3 matrix type svdrandom, RxC 342x342, chunk_size 32, error_limit 50 PASS : TRUE
SVD_METRIC_4 matrix type svdrandom, RxC 342x342, chunk_size 32, error_limit 50 PASS : TRUE
SVD_METRIC_1 matrix type svdrandom, RxC 353x353, chunk_size 32, error_limit 50 PASS : TRUE
SVD_METRIC_2 matrix type svdrandom, RxC 353x353, chunk_size 32, error_limit 50 PASS : TRUE
SVD_METRIC_3 matrix type svdrandom, RxC 353x353, chunk_size 32, error_limit 50 PASS : TRUE
SVD_METRIC_4 matrix type svdrandom, RxC 353x353, chunk_size 32, error_limit 50 PASS : TRUE
SVD_METRIC_1 matrix type svdrandom, RxC 364x364, chunk_size 32, error_limit 50 PASS : TRUE
SVD_METRIC_2 matrix type svdrandom, RxC 364x364, chunk_size 32, error_limit 50 PASS : TRUE
SVD_METRIC_3 matrix type svdrandom, RxC 364x364, chunk_size 32, error_limit 50 PASS : TRUE
SVD_METRIC_4 matrix type svdrandom, RxC 364x364, chunk_size 32, error_limit 50 PASS : TRUE
SVD_METRIC_1 matrix type svdrandom, RxC 375x375, chunk_size 32, error_limit 50 PASS : TRUE
SVD_METRIC_2 matrix type svdrandom, RxC 375x375, chunk_size 32, error_limit 50 PASS : TRUE
SVD_METRIC_3 matrix type svdrandom, RxC 375x375, chunk_size 32, error_limit 50 PASS : TRUE
SVD_METRIC_4 matrix type svdrandom, RxC 375x375, chunk_size 32, error_limit 50 PASS : TRUE
SVD_METRIC_1 matrix type svdrandom, RxC 386x386, chunk_size 32, error_limit 50 PASS : TRUE
SVD_METRIC_2 matrix type svdrandom, RxC 386x386, chunk_size 32, error_limit 50 PASS : TRUE
SVD_METRIC_3 matrix type svdrandom, RxC 386x386, chunk_size 32, error_limit 50 PASS : TRUE
SVD_METRIC_4 matrix type svdrandom, RxC 386x386, chunk_size 32, error_limit 50 PASS : TRUE
SVD_METRIC_1 matrix type svdrandom, RxC 397x397, chunk_size 32, error_limit 50 PASS : TRUE
SVD_METRIC_2 matrix type svdrandom, RxC 397x397, chunk_size 32, error_limit 50 PASS : TRUE
SVD_METRIC_3 matrix type svdrandom, RxC 397x397, chunk_size 32, error_limit 50 PASS : TRUE
SVD_METRIC_4 matrix type svdrandom, RxC 397x397, chunk_size 32, error_limit 50 PASS : TRUE
SVD_METRIC_1 matrix type svdrandom, RxC 408x408, chunk_size 32, error_limit 50 PASS : TRUE
SVD_METRIC_2 matrix type svdrandom, RxC 408x408, chunk_size 32, error_limit 50 PASS : TRUE
SVD_METRIC_3 matrix type svdrandom, RxC 408x408, chunk_size 32, error_limit 50 PASS : TRUE
SVD_METRIC_4 matrix type svdrandom, RxC 408x408, chunk_size 32, error_limit 50 PASS : TRUE
SVD_METRIC_1 matrix type svdrandom, RxC 419x419, chunk_size 32, error_limit 50 PASS : TRUE
SVD_METRIC_2 matrix type svdrandom, RxC 419x419, chunk_size 32, error_limit 50 PASS : TRUE
SVD_METRIC_3 matrix type svdrandom, RxC 419x419, chunk_size 32, error_limit 50 PASS : TRUE
SVD_METRIC_4 matrix type svdrandom, RxC 419x419, chunk_size 32, error_limit 50 PASS : TRUE
SVD_METRIC_1 matrix type svdrandom, RxC 430x430, chunk_size 32, error_limit 50 PASS : TRUE
SVD_METRIC_2 matrix type svdrandom, RxC 430x430, chunk_size 32, error_limit 50 PASS : TRUE
SVD_METRIC_3 matrix type svdrandom, RxC 430x430, chunk_size 32, error_limit 50 PASS : TRUE
SVD_METRIC_4 matrix type svdrandom, RxC 430x430, chunk_size 32, error_limit 50 PASS : TRUE
SVD_METRIC_1 matrix type svdrandom, RxC 441x441, chunk_size 32, error_limit 50 PASS : TRUE
SVD_METRIC_2 matrix type svdrandom, RxC 441x441, chunk_size 32, error_limit 50 PASS : TRUE
SVD_METRIC_3 matrix type svdrandom, RxC 441x441, chunk_size 32, error_limit 50 PASS : TRUE
SVD_METRIC_4 matrix type svdrandom, RxC 441x441, chunk_size 32, error_limit 50 PASS : TRUE
SVD_METRIC_1 matrix type svdrandom, RxC 452x452, chunk_size 32, error_limit 50 PASS : TRUE
SVD_METRIC_2 matrix type svdrandom, RxC 452x452, chunk_size 32, error_limit 50 PASS : TRUE
SVD_METRIC_3 matrix type svdrandom, RxC 452x452, chunk_size 32, error_limit 50 PASS : TRUE
SVD_METRIC_4 matrix type svdrandom, RxC 452x452, chunk_size 32, error_limit 50 PASS : TRUE
SVD_METRIC_1 matrix type svdrandom, RxC 463x463, chunk_size 32, error_limit 50 PASS : TRUE
SVD_METRIC_2 matrix type svdrandom, RxC 463x463, chunk_size 32, error_limit 50 PASS : TRUE
SVD_METRIC_3 matrix type svdrandom, RxC 463x463, chunk_size 32, error_limit 50 PASS : TRUE
SVD_METRIC_4 matrix type svdrandom, RxC 463x463, chunk_size 32, error_limit 50 PASS : TRUE
SVD_METRIC_1 matrix type svdrandom, RxC 474x474, chunk_size 32, error_limit 50 PASS : TRUE
SVD_METRIC_2 matrix type svdrandom, RxC 474x474, chunk_size 32, error_limit 50 PASS : TRUE
SVD_METRIC_3 matrix type svdrandom, RxC 474x474, chunk_size 32, error_limit 50 PASS : TRUE
SVD_METRIC_4 matrix type svdrandom, RxC 474x474, chunk_size 32, error_limit 50 PASS : TRUE
SVD_METRIC_1 matrix type svdrandom, RxC 485x485, chunk_size 32, error_limit 50 PASS : TRUE
SVD_METRIC_2 matrix type svdrandom, RxC 485x485, chunk_size 32, error_limit 50 PASS : TRUE
SVD_METRIC_3 matrix type svdrandom, RxC 485x485, chunk_size 32, error_limit 50 PASS : TRUE
SVD_METRIC_4 matrix type svdrandom, RxC 485x485, chunk_size 32, error_limit 50 PASS : TRUE
SVD_METRIC_1 matrix type svdrandom, RxC 496x496, chunk_size 32, error_limit 50 PASS : TRUE
SVD_METRIC_2 matrix type svdrandom, RxC 496x496, chunk_size 32, error_limit 50 PASS : TRUE
SVD_METRIC_3 matrix type svdrandom, RxC 496x496, chunk_size 32, error_limit 50 PASS : TRUE
SVD_METRIC_4 matrix type svdrandom, RxC 496x496, chunk_size 32, error_limit 50 PASS : TRUE
SVD_METRIC_1 matrix type svdrandom, RxC 507x507, chunk_size 32, error_limit 50 PASS : TRUE
SVD_METRIC_2 matrix type svdrandom, RxC 507x507, chunk_size 32, error_limit 50 PASS : TRUE
SVD_METRIC_3 matrix type svdrandom, RxC 507x507, chunk_size 32, error_limit 50 PASS : TRUE
SVD_METRIC_4 matrix type svdrandom, RxC 507x507, chunk_size 32, error_limit 50 PASS : TRUE
SVD_METRIC_1 matrix type svdrandom, RxC 518x518, chunk_size 32, error_limit 50 PASS : TRUE
SVD_METRIC_2 matrix type svdrandom, RxC 518x518, chunk_size 32, error_limit 50 PASS : TRUE
SVD_METRIC_3 matrix type svdrandom, RxC 518x518, chunk_size 32, error_limit 50 PASS : TRUE
SVD_METRIC_4 matrix type svdrandom, RxC 518x518, chunk_size 32, error_limit 50 PASS : TRUE
SVD_METRIC_1 matrix type svdrandom, RxC 529x529, chunk_size 32, error_limit 50 PASS : TRUE
SVD_METRIC_2 matrix type svdrandom, RxC 529x529, chunk_size 32, error_limit 50 PASS : TRUE
SVD_METRIC_3 matrix type svdrandom, RxC 529x529, chunk_size 32, error_limit 50 PASS : TRUE
SVD_METRIC_4 matrix type svdrandom, RxC 529x529, chunk_size 32, error_limit 50 PASS : TRUE
SVD_METRIC_1 matrix type svdrandom, RxC 540x540, chunk_size 32, error_limit 50 PASS : TRUE
SVD_METRIC_2 matrix type svdrandom, RxC 540x540, chunk_size 32, error_limit 50 PASS : TRUE
SVD_METRIC_3 matrix type svdrandom, RxC 540x540, chunk_size 32, error_limit 50 PASS : TRUE
SVD_METRIC_4 matrix type svdrandom, RxC 540x540, chunk_size 32, error_limit 50 PASS : TRUE
SVD_METRIC_1 matrix type svdrandom, RxC 551x551, chunk_size 32, error_limit 50 PASS : TRUE
SVD_METRIC_2 matrix type svdrandom, RxC 551x551, chunk_size 32, error_limit 50 PASS : TRUE
SVD_METRIC_3 matrix type svdrandom, RxC 551x551, chunk_size 32, error_limit 50 PASS : TRUE
SVD_METRIC_4 matrix type svdrandom, RxC 551x551, chunk_size 32, error_limit 50 PASS : TRUE
SVD_METRIC_1 matrix type svdrandom, RxC 562x562, chunk_size 32, error_limit 50 PASS : TRUE
SVD_METRIC_2 matrix type svdrandom, RxC 562x562, chunk_size 32, error_limit 50 PASS : TRUE
SVD_METRIC_3 matrix type svdrandom, RxC 562x562, chunk_size 32, error_limit 50 PASS : TRUE
SVD_METRIC_4 matrix type svdrandom, RxC 562x562, chunk_size 32, error_limit 50 PASS : TRUE
SVD_METRIC_1 matrix type svdrandom, RxC 573x573, chunk_size 32, error_limit 50 PASS : TRUE
SVD_METRIC_2 matrix type svdrandom, RxC 573x573, chunk_size 32, error_limit 50 PASS : TRUE
SVD_METRIC_3 matrix type svdrandom, RxC 573x573, chunk_size 32, error_limit 50 PASS : TRUE
SVD_METRIC_4 matrix type svdrandom, RxC 573x573, chunk_size 32, error_limit 50 PASS : TRUE
SVD_METRIC_1 matrix type svdrandom, RxC 584x584, chunk_size 32, error_limit 50 PASS : TRUE
SVD_METRIC_2 matrix type svdrandom, RxC 584x584, chunk_size 32, error_limit 50 PASS : TRUE
SVD_METRIC_3 matrix type svdrandom, RxC 584x584, chunk_size 32, error_limit 50 PASS : TRUE
SVD_METRIC_4 matrix type svdrandom, RxC 584x584, chunk_size 32, error_limit 50 PASS : TRUE
SVD_METRIC_1 matrix type svdrandom, RxC 595x595, chunk_size 32, error_limit 50 PASS : TRUE
SVD_METRIC_2 matrix type svdrandom, RxC 595x595, chunk_size 32, error_limit 50 PASS : TRUE
SVD_METRIC_3 matrix type svdrandom, RxC 595x595, chunk_size 32, error_limit 50 PASS : TRUE
SVD_METRIC_4 matrix type svdrandom, RxC 595x595, chunk_size 32, error_limit 50 PASS : TRUE
SVD_METRIC_1 matrix type svdrandom, RxC 606x606, chunk_size 32, error_limit 50 PASS : TRUE
SVD_METRIC_2 matrix type svdrandom, RxC 606x606, chunk_size 32, error_limit 50 PASS : TRUE
SVD_METRIC_3 matrix type svdrandom, RxC 606x606, chunk_size 32, error_limit 50 PASS : TRUE
SVD_METRIC_4 matrix type svdrandom, RxC 606x606, chunk_size 32, error_limit 50 PASS : TRUE
SVD_METRIC_1 matrix type svdrandom, RxC 617x617, chunk_size 32, error_limit 50 PASS : TRUE
SVD_METRIC_2 matrix type svdrandom, RxC 617x617, chunk_size 32, error_limit 50 PASS : TRUE
SVD_METRIC_3 matrix type svdrandom, RxC 617x617, chunk_size 32, error_limit 50 PASS : TRUE
SVD_METRIC_4 matrix type svdrandom, RxC 617x617, chunk_size 32, error_limit 50 PASS : TRUE
SVD_METRIC_1 matrix type svdrandom, RxC 628x628, chunk_size 32, error_limit 50 PASS : TRUE
SVD_METRIC_2 matrix type svdrandom, RxC 628x628, chunk_size 32, error_limit 50 PASS : TRUE
SVD_METRIC_3 matrix type svdrandom, RxC 628x628, chunk_size 32, error_limit 50 PASS : TRUE
SVD_METRIC_4 matrix type svdrandom, RxC 628x628, chunk_size 32, error_limit 50 PASS : TRUE
SVD_METRIC_1 matrix type svdrandom, RxC 639x639, chunk_size 32, error_limit 50 PASS : TRUE
SVD_METRIC_2 matrix type svdrandom, RxC 639x639, chunk_size 32, error_limit 50 PASS : TRUE
SVD_METRIC_3 matrix type svdrandom, RxC 639x639, chunk_size 32, error_limit 50 PASS : TRUE
SVD_METRIC_4 matrix type svdrandom, RxC 639x639, chunk_size 32, error_limit 50 PASS : TRUE
SVD_METRIC_1 matrix type svdrandom, RxC 650x650, chunk_size 32, error_limit 50 PASS : TRUE
SVD_METRIC_2 matrix type svdrandom, RxC 650x650, chunk_size 32, error_limit 50 PASS : TRUE
SVD_METRIC_3 matrix type svdrandom, RxC 650x650, chunk_size 32, error_limit 50 PASS : TRUE
SVD_METRIC_4 matrix type svdrandom, RxC 650x650, chunk_size 32, error_limit 50 PASS : TRUE
SVD_METRIC_1 matrix type svdrandom, RxC 661x661, chunk_size 32, error_limit 50 PASS : TRUE
SVD_METRIC_2 matrix type svdrandom, RxC 661x661, chunk_size 32, error_limit 50 PASS : TRUE
SVD_METRIC_3 matrix type svdrandom, RxC 661x661, chunk_size 32, error_limit 50 PASS : TRUE
SVD_METRIC_4 matrix type svdrandom, RxC 661x661, chunk_size 32, error_limit 50 PASS : TRUE
SVD_METRIC_1 matrix type svdrandom, RxC 672x672, chunk_size 32, error_limit 50 PASS : TRUE
SVD_METRIC_2 matrix type svdrandom, RxC 672x672, chunk_size 32, error_limit 50 PASS : TRUE
SVD_METRIC_3 matrix type svdrandom, RxC 672x672, chunk_size 32, error_limit 50 PASS : TRUE
SVD_METRIC_4 matrix type svdrandom, RxC 672x672, chunk_size 32, error_limit 50 PASS : TRUE
SVD_METRIC_1 matrix type svdrandom, RxC 683x683, chunk_size 32, error_limit 50 PASS : TRUE
SVD_METRIC_2 matrix type svdrandom, RxC 683x683, chunk_size 32, error_limit 50 PASS : TRUE
SVD_METRIC_3 matrix type svdrandom, RxC 683x683, chunk_size 32, error_limit 50 PASS : TRUE
SVD_METRIC_4 matrix type svdrandom, RxC 683x683, chunk_size 32, error_limit 50 PASS : TRUE
SVD_METRIC_1 matrix type svdrandom, RxC 694x694, chunk_size 32, error_limit 50 PASS : TRUE
SVD_METRIC_2 matrix type svdrandom, RxC 694x694, chunk_size 32, error_limit 50 PASS : TRUE
SVD_METRIC_3 matrix type svdrandom, RxC 694x694, chunk_size 32, error_limit 50 PASS : TRUE
SVD_METRIC_4 matrix type svdrandom, RxC 694x694, chunk_size 32, error_limit 50 PASS : TRUE
SVD_METRIC_1 matrix type svdrandom, RxC 705x705, chunk_size 32, error_limit 50 PASS : TRUE
SVD_METRIC_2 matrix type svdrandom, RxC 705x705, chunk_size 32, error_limit 50 PASS : TRUE
SVD_METRIC_3 matrix type svdrandom, RxC 705x705, chunk_size 32, error_limit 50 PASS : TRUE
SVD_METRIC_4 matrix type svdrandom, RxC 705x705, chunk_size 32, error_limit 50 PASS : TRUE
SVD_METRIC_1 matrix type svdrandom, RxC 716x716, chunk_size 32, error_limit 50 PASS : TRUE
SVD_METRIC_2 matrix type svdrandom, RxC 716x716, chunk_size 32, error_limit 50 PASS : TRUE
SVD_METRIC_3 matrix type svdrandom, RxC 716x716, chunk_size 32, error_limit 50 PASS : TRUE
SVD_METRIC_4 matrix type svdrandom, RxC 716x716, chunk_size 32, error_limit 50 PASS : TRUE
SVD_METRIC_1 matrix type svdrandom, RxC 727x727, chunk_size 32, error_limit 50 PASS : TRUE
SVD_METRIC_2 matrix type svdrandom, RxC 727x727, chunk_size 32, error_limit 50 PASS : TRUE
SVD_METRIC_3 matrix type svdrandom, RxC 727x727, chunk_size 32, error_limit 50 PASS : TRUE
SVD_METRIC_4 matrix type svdrandom, RxC 727x727, chunk_size 32, error_limit 50 PASS : TRUE
SVD_METRIC_1 matrix type svdrandom, RxC 738x738, chunk_size 32, error_limit 50 PASS : TRUE
SVD_METRIC_2 matrix type svdrandom, RxC 738x738, chunk_size 32, error_limit 50 PASS : TRUE
SVD_METRIC_3 matrix type svdrandom, RxC 738x738, chunk_size 32, error_limit 50 PASS : TRUE
SVD_METRIC_4 matrix type svdrandom, RxC 738x738, chunk_size 32, error_limit 50 PASS : TRUE
SVD_METRIC_1 matrix type svdrandom, RxC 749x749, chunk_size 32, error_limit 50 PASS : TRUE
SVD_METRIC_2 matrix type svdrandom, RxC 749x749, chunk_size 32, error_limit 50 PASS : TRUE
SVD_METRIC_3 matrix type svdrandom, RxC 749x749, chunk_size 32, error_limit 50 PASS : TRUE
SVD_METRIC_4 matrix type svdrandom, RxC 749x749, chunk_size 32, error_limit 50 PASS : TRUE
SVD_METRIC_1 matrix type svdrandom, RxC 760x760, chunk_size 32, error_limit 50 PASS : TRUE
SVD_METRIC_2 matrix type svdrandom, RxC 760x760, chunk_size 32, error_limit 50 PASS : TRUE
SVD_METRIC_3 matrix type svdrandom, RxC 760x760, chunk_size 32, error_limit 50 PASS : TRUE
SVD_METRIC_4 matrix type svdrandom, RxC 760x760, chunk_size 32, error_limit 50 PASS : TRUE
SVD_METRIC_1 matrix type svdrandom, RxC 771x771, chunk_size 32, error_limit 50 PASS : TRUE
SVD_METRIC_2 matrix type svdrandom, RxC 771x771, chunk_size 32, error_limit 50 PASS : TRUE
SVD_METRIC_3 matrix type svdrandom, RxC 771x771, chunk_size 32, error_limit 50 PASS : TRUE
SVD_METRIC_4 matrix type svdrandom, RxC 771x771, chunk_size 32, error_limit 50 PASS : TRUE
SVD_METRIC_1 matrix type svdrandom, RxC 782x782, chunk_size 32, error_limit 50 PASS : TRUE
SVD_METRIC_2 matrix type svdrandom, RxC 782x782, chunk_size 32, error_limit 50 PASS : TRUE
SVD_METRIC_3 matrix type svdrandom, RxC 782x782, chunk_size 32, error_limit 50 PASS : TRUE
SVD_METRIC_4 matrix type svdrandom, RxC 782x782, chunk_size 32, error_limit 50 PASS : TRUE
SVD_METRIC_1 matrix type svdrandom, RxC 793x793, chunk_size 32, error_limit 50 PASS : TRUE
SVD_METRIC_2 matrix type svdrandom, RxC 793x793, chunk_size 32, error_limit 50 PASS : TRUE
SVD_METRIC_3 matrix type svdrandom, RxC 793x793, chunk_size 32, error_limit 50 PASS : TRUE
SVD_METRIC_4 matrix type svdrandom, RxC 793x793, chunk_size 32, error_limit 50 PASS : TRUE
SVD_METRIC_1 matrix type svdrandom, RxC 804x804, chunk_size 32, error_limit 50 PASS : TRUE
SVD_METRIC_2 matrix type svdrandom, RxC 804x804, chunk_size 32, error_limit 50 PASS : TRUE
SVD_METRIC_3 matrix type svdrandom, RxC 804x804, chunk_size 32, error_limit 50 PASS : TRUE
SVD_METRIC_4 matrix type svdrandom, RxC 804x804, chunk_size 32, error_limit 50 PASS : TRUE
SVD_METRIC_1 matrix type svdrandom, RxC 815x815, chunk_size 32, error_limit 50 PASS : TRUE
SVD_METRIC_2 matrix type svdrandom, RxC 815x815, chunk_size 32, error_limit 50 PASS : TRUE
SVD_METRIC_3 matrix type svdrandom, RxC 815x815, chunk_size 32, error_limit 50 PASS : TRUE
SVD_METRIC_4 matrix type svdrandom, RxC 815x815, chunk_size 32, error_limit 50 PASS : TRUE
SVD_METRIC_1 matrix type svdrandom, RxC 826x826, chunk_size 32, error_limit 50 PASS : TRUE
SVD_METRIC_2 matrix type svdrandom, RxC 826x826, chunk_size 32, error_limit 50 PASS : TRUE
SVD_METRIC_3 matrix type svdrandom, RxC 826x826, chunk_size 32, error_limit 50 PASS : TRUE
SVD_METRIC_4 matrix type svdrandom, RxC 826x826, chunk_size 32, error_limit 50 PASS : TRUE
SVD_METRIC_1 matrix type svdrandom, RxC 837x837, chunk_size 32, error_limit 50 PASS : TRUE
SVD_METRIC_2 matrix type svdrandom, RxC 837x837, chunk_size 32, error_limit 50 PASS : TRUE
SVD_METRIC_3 matrix type svdrandom, RxC 837x837, chunk_size 32, error_limit 50 PASS : TRUE
SVD_METRIC_4 matrix type svdrandom, RxC 837x837, chunk_size 32, error_limit 50 PASS : TRUE
SVD_METRIC_1 matrix type svdrandom, RxC 848x848, chunk_size 32, error_limit 50 PASS : TRUE
SVD_METRIC_2 matrix type svdrandom, RxC 848x848, chunk_size 32, error_limit 50 PASS : TRUE
SVD_METRIC_3 matrix type svdrandom, RxC 848x848, chunk_size 32, error_limit 50 PASS : TRUE
SVD_METRIC_4 matrix type svdrandom, RxC 848x848, chunk_size 32, error_limit 50 PASS : TRUE
SVD_METRIC_1 matrix type svdrandom, RxC 859x859, chunk_size 32, error_limit 50 PASS : TRUE
SVD_METRIC_2 matrix type svdrandom, RxC 859x859, chunk_size 32, error_limit 50 PASS : TRUE
SVD_METRIC_3 matrix type svdrandom, RxC 859x859, chunk_size 32, error_limit 50 PASS : TRUE
SVD_METRIC_4 matrix type svdrandom, RxC 859x859, chunk_size 32, error_limit 50 PASS : TRUE
SVD_METRIC_1 matrix type svdrandom, RxC 870x870, chunk_size 32, error_limit 50 PASS : TRUE
SVD_METRIC_2 matrix type svdrandom, RxC 870x870, chunk_size 32, error_limit 50 PASS : TRUE
SVD_METRIC_3 matrix type svdrandom, RxC 870x870, chunk_size 32, error_limit 50 PASS : TRUE
SVD_METRIC_4 matrix type svdrandom, RxC 870x870, chunk_size 32, error_limit 50 PASS : TRUE
SVD_METRIC_1 matrix type svdrandom, RxC 881x881, chunk_size 32, error_limit 50 PASS : TRUE
SVD_METRIC_2 matrix type svdrandom, RxC 881x881, chunk_size 32, error_limit 50 PASS : TRUE
SVD_METRIC_3 matrix type svdrandom, RxC 881x881, chunk_size 32, error_limit 50 PASS : TRUE
SVD_METRIC_4 matrix type svdrandom, RxC 881x881, chunk_size 32, error_limit 50 PASS : TRUE
SVD_METRIC_1 matrix type svdrandom, RxC 892x892, chunk_size 32, error_limit 50 PASS : TRUE
SVD_METRIC_2 matrix type svdrandom, RxC 892x892, chunk_size 32, error_limit 50 PASS : TRUE
SVD_METRIC_3 matrix type svdrandom, RxC 892x892, chunk_size 32, error_limit 50 PASS : TRUE
SVD_METRIC_4 matrix type svdrandom, RxC 892x892, chunk_size 32, error_limit 50 PASS : TRUE
SVD_METRIC_1 matrix type svdrandom, RxC 903x903, chunk_size 32, error_limit 50 PASS : TRUE
SVD_METRIC_2 matrix type svdrandom, RxC 903x903, chunk_size 32, error_limit 50 PASS : TRUE
SVD_METRIC_3 matrix type svdrandom, RxC 903x903, chunk_size 32, error_limit 50 PASS : TRUE
SVD_METRIC_4 matrix type svdrandom, RxC 903x903, chunk_size 32, error_limit 50 PASS : TRUE
SVD_METRIC_1 matrix type svdrandom, RxC 914x914, chunk_size 32, error_limit 50 PASS : TRUE
SVD_METRIC_2 matrix type svdrandom, RxC 914x914, chunk_size 32, error_limit 50 PASS : TRUE
SVD_METRIC_3 matrix type svdrandom, RxC 914x914, chunk_size 32, error_limit 50 PASS : TRUE
SVD_METRIC_4 matrix type svdrandom, RxC 914x914, chunk_size 32, error_limit 50 PASS : TRUE
SVD_METRIC_1 matrix type svdrandom, RxC 925x925, chunk_size 32, error_limit 50 PASS : TRUE
SVD_METRIC_2 matrix type svdrandom, RxC 925x925, chunk_size 32, error_limit 50 PASS : TRUE
SVD_METRIC_3 matrix type svdrandom, RxC 925x925, chunk_size 32, error_limit 50 PASS : TRUE
SVD_METRIC_4 matrix type svdrandom, RxC 925x925, chunk_size 32, error_limit 50 PASS : TRUE
SVD_METRIC_1 matrix type svdrandom, RxC 936x936, chunk_size 32, error_limit 50 PASS : TRUE
SVD_METRIC_2 matrix type svdrandom, RxC 936x936, chunk_size 32, error_limit 50 PASS : TRUE
SVD_METRIC_3 matrix type svdrandom, RxC 936x936, chunk_size 32, error_limit 50 PASS : TRUE
SVD_METRIC_4 matrix type svdrandom, RxC 936x936, chunk_size 32, error_limit 50 PASS : TRUE
SVD_METRIC_1 matrix type svdrandom, RxC 947x947, chunk_size 32, error_limit 50 PASS : TRUE
SVD_METRIC_2 matrix type svdrandom, RxC 947x947, chunk_size 32, error_limit 50 PASS : TRUE
SVD_METRIC_3 matrix type svdrandom, RxC 947x947, chunk_size 32, error_limit 50 PASS : TRUE
SVD_METRIC_4 matrix type svdrandom, RxC 947x947, chunk_size 32, error_limit 50 PASS : TRUE
SVD_METRIC_1 matrix type svdrandom, RxC 958x958, chunk_size 32, error_limit 50 PASS : TRUE
SVD_METRIC_2 matrix type svdrandom, RxC 958x958, chunk_size 32, error_limit 50 PASS : TRUE
SVD_METRIC_3 matrix type svdrandom, RxC 958x958, chunk_size 32, error_limit 50 PASS : TRUE
SVD_METRIC_4 matrix type svdrandom, RxC 958x958, chunk_size 32, error_limit 50 PASS : TRUE
SVD_METRIC_1 matrix type svdrandom, RxC 969x969, chunk_size 32, error_limit 50 PASS : TRUE
SVD_METRIC_2 matrix type svdrandom, RxC 969x969, chunk_size 32, error_limit 50 PASS : TRUE
SVD_METRIC_3 matrix type svdrandom, RxC 969x969, chunk_size 32, error_limit 50 PASS : TRUE
SVD_METRIC_4 matrix type svdrandom, RxC 969x969, chunk_size 32, error_limit 50 PASS : TRUE
SVD_METRIC_1 matrix type svdrandom, RxC 980x980, chunk_size 32, error_limit 50 PASS : TRUE
SVD_METRIC_2 matrix type svdrandom, RxC 980x980, chunk_size 32, error_limit 50 PASS : TRUE
SVD_METRIC_3 matrix type svdrandom, RxC 980x980, chunk_size 32, error_limit 50 PASS : TRUE
SVD_METRIC_4 matrix type svdrandom, RxC 980x980, chunk_size 32, error_limit 50 PASS : TRUE
SVD_METRIC_1 matrix type svdrandom, RxC 991x991, chunk_size 32, error_limit 50 PASS : TRUE
SVD_METRIC_2 matrix type svdrandom, RxC 991x991, chunk_size 32, error_limit 50 PASS : TRUE
SVD_METRIC_3 matrix type svdrandom, RxC 991x991, chunk_size 32, error_limit 50 PASS : TRUE
SVD_METRIC_4 matrix type svdrandom, RxC 991x991, chunk_size 32, error_limit 50 PASS : TRUE
SVD_METRIC_1 matrix type svdrandom, RxC 1002x1002, chunk_size 32, error_limit 50 PASS : TRUE
SVD_METRIC_2 matrix type svdrandom, RxC 1002x1002, chunk_size 32, error_limit 50 PASS : TRUE
SVD_METRIC_3 matrix type svdrandom, RxC 1002x1002, chunk_size 32, error_limit 50 PASS : TRUE
SVD_METRIC_4 matrix type svdrandom, RxC 1002x1002, chunk_size 32, error_limit 50 PASS : TRUE
SVD_METRIC_1 matrix type svdrandom, RxC 1013x1013, chunk_size 32, error_limit 50 PASS : TRUE
SVD_METRIC_2 matrix type svdrandom, RxC 1013x1013, chunk_size 32, error_limit 50 PASS : TRUE
SVD_METRIC_3 matrix type svdrandom, RxC 1013x1013, chunk_size 32, error_limit 50 PASS : TRUE
SVD_METRIC_4 matrix type svdrandom, RxC 1013x1013, chunk_size 32, error_limit 50 PASS : TRUE
SVD_METRIC_1 matrix type svdrandom, RxC 1024x1024, chunk_size 32, error_limit 50 PASS : TRUE
SVD_METRIC_2 matrix type svdrandom, RxC 1024x1024, chunk_size 32, error_limit 50 PASS : TRUE
SVD_METRIC_3 matrix type svdrandom, RxC 1024x1024, chunk_size 32, error_limit 50 PASS : TRUE
SVD_METRIC_4 matrix type svdrandom, RxC 1024x1024, chunk_size 32, error_limit 50 PASS : TRUE

