Query was executed successfully

Query was executed successfully

Query was executed successfully

[[{0,0}(),{0,1}('a_0-1',null),{1,0}(),{1,1}()]];
[[{4,0}('a_4-0','b_4-0'),{4,1}(),{5,0}(),{5,1}()]]

[(null),('b_4-0')]

[(null,'a_0-1'),('b_4-0','a_4-0')]

[(null),('b_4-0')]

[(null,'a_0-1'),('b_4-0','a_4-0')]

[[{0,0}(),{0,1}('a_0-1v2','_v2'),{1,0}(),{1,1}()]];
[[{4,0}('a_4-0v2','b_4-0_v2'),{4,1}(),{5,0}(),{5,1}()]]

[('_v2'),('b_4-0_v2')]

[('_v2','a_0-1v2'),('b_4-0_v2','a_4-0v2')]

[('_v2'),('b_4-0_v2')]

[('_v2','a_0-1v2'),('b_4-0_v2','a_4-0v2')]

Query was executed successfully

Query was executed successfully

Query was executed successfully

