SCIDB QUERY : <create array Orig <x:string> [i=1:100,10,0]>
Query was executed successfully

SCIDB QUERY : <create array Flipped <i:int64> [x(string)=100,10,0]>
Query was executed successfully

SCIDB QUERY : <store(build(Orig,'str'+string(i)), Orig)>
{i} x
{1} 'str1'
{2} 'str2'
{3} 'str3'
{4} 'str4'
{5} 'str5'
{6} 'str6'
{7} 'str7'
{8} 'str8'
{9} 'str9'
{10} 'str10'
{11} 'str11'
{12} 'str12'
{13} 'str13'
{14} 'str14'
{15} 'str15'
{16} 'str16'
{17} 'str17'
{18} 'str18'
{19} 'str19'
{20} 'str20'
{21} 'str21'
{22} 'str22'
{23} 'str23'
{24} 'str24'
{25} 'str25'
{26} 'str26'
{27} 'str27'
{28} 'str28'
{29} 'str29'
{30} 'str30'
{31} 'str31'
{32} 'str32'
{33} 'str33'
{34} 'str34'
{35} 'str35'
{36} 'str36'
{37} 'str37'
{38} 'str38'
{39} 'str39'
{40} 'str40'
{41} 'str41'
{42} 'str42'
{43} 'str43'
{44} 'str44'
{45} 'str45'
{46} 'str46'
{47} 'str47'
{48} 'str48'
{49} 'str49'
{50} 'str50'
{51} 'str51'
{52} 'str52'
{53} 'str53'
{54} 'str54'
{55} 'str55'
{56} 'str56'
{57} 'str57'
{58} 'str58'
{59} 'str59'
{60} 'str60'
{61} 'str61'
{62} 'str62'
{63} 'str63'
{64} 'str64'
{65} 'str65'
{66} 'str66'
{67} 'str67'
{68} 'str68'
{69} 'str69'
{70} 'str70'
{71} 'str71'
{72} 'str72'
{73} 'str73'
{74} 'str74'
{75} 'str75'
{76} 'str76'
{77} 'str77'
{78} 'str78'
{79} 'str79'
{80} 'str80'
{81} 'str81'
{82} 'str82'
{83} 'str83'
{84} 'str84'
{85} 'str85'
{86} 'str86'
{87} 'str87'
{88} 'str88'
{89} 'str89'
{90} 'str90'
{91} 'str91'
{92} 'str92'
{93} 'str93'
{94} 'str94'
{95} 'str95'
{96} 'str96'
{97} 'str97'
{98} 'str98'
{99} 'str99'
{100} 'str100'

SCIDB QUERY : <store(redimension(Orig, Flipped), Flipped)>
{x} i
{'str1'} 1
{'str10'} 10
{'str100'} 100
{'str11'} 11
{'str12'} 12
{'str13'} 13
{'str14'} 14
{'str15'} 15
{'str16'} 16
{'str17'} 17
{'str18'} 18
{'str19'} 19
{'str2'} 2
{'str20'} 20
{'str21'} 21
{'str22'} 22
{'str23'} 23
{'str24'} 24
{'str25'} 25
{'str26'} 26
{'str27'} 27
{'str28'} 28
{'str29'} 29
{'str3'} 3
{'str30'} 30
{'str31'} 31
{'str32'} 32
{'str33'} 33
{'str34'} 34
{'str35'} 35
{'str36'} 36
{'str37'} 37
{'str38'} 38
{'str39'} 39
{'str4'} 4
{'str40'} 40
{'str41'} 41
{'str42'} 42
{'str43'} 43
{'str44'} 44
{'str45'} 45
{'str46'} 46
{'str47'} 47
{'str48'} 48
{'str49'} 49
{'str5'} 5
{'str50'} 50
{'str51'} 51
{'str52'} 52
{'str53'} 53
{'str54'} 54
{'str55'} 55
{'str56'} 56
{'str57'} 57
{'str58'} 58
{'str59'} 59
{'str6'} 6
{'str60'} 60
{'str61'} 61
{'str62'} 62
{'str63'} 63
{'str64'} 64
{'str65'} 65
{'str66'} 66
{'str67'} 67
{'str68'} 68
{'str69'} 69
{'str7'} 7
{'str70'} 70
{'str71'} 71
{'str72'} 72
{'str73'} 73
{'str74'} 74
{'str75'} 75
{'str76'} 76
{'str77'} 77
{'str78'} 78
{'str79'} 79
{'str8'} 8
{'str80'} 80
{'str81'} 81
{'str82'} 82
{'str83'} 83
{'str84'} 84
{'str85'} 85
{'str86'} 86
{'str87'} 87
{'str88'} 88
{'str89'} 89
{'str9'} 9
{'str90'} 90
{'str91'} 91
{'str92'} 92
{'str93'} 93
{'str94'} 94
{'str95'} 95
{'str96'} 96
{'str97'} 97
{'str98'} 98
{'str99'} 99

SCIDB QUERY : <subarray(Flipped, 'str3', 'str5')>
{x} i
{'str3'} 3
{'str30'} 30
{'str31'} 31
{'str32'} 32
{'str33'} 33
{'str34'} 34
{'str35'} 35
{'str36'} 36
{'str37'} 37
{'str38'} 38
{'str39'} 39
{'str4'} 4
{'str40'} 40
{'str41'} 41
{'str42'} 42
{'str43'} 43
{'str44'} 44
{'str45'} 45
{'str46'} 46
{'str47'} 47
{'str48'} 48
{'str49'} 49
{'str5'} 5

SCIDB QUERY : <subarray(thin(Flipped, 1, 2), 'str3', 'str5')>
{x} i
{'str3'} 3
{'str31'} 31
{'str33'} 33
{'str35'} 35
{'str37'} 37
{'str39'} 39
{'str40'} 40
{'str42'} 42
{'str44'} 44
{'str46'} 46
{'str48'} 48
{'str5'} 5

SCIDB QUERY : <between(thin(Flipped, 1, 2), 'str2', 'str4')>
{x} i
{'str20'} 20
{'str22'} 22
{'str24'} 24
{'str26'} 26
{'str28'} 28
{'str3'} 3
{'str31'} 31
{'str33'} 33
{'str35'} 35
{'str37'} 37
{'str39'} 39

SCIDB QUERY : <store(subarray(thin(Flipped, 1, 2), 'str3', 'str5'), A)>
{x} i
{'str3'} 3
{'str31'} 31
{'str33'} 33
{'str35'} 35
{'str37'} 37
{'str39'} 39
{'str40'} 40
{'str42'} 42
{'str44'} 44
{'str46'} 46
{'str48'} 48
{'str5'} 5

SCIDB QUERY : <store(between(thin(Flipped, 1, 2), 'str2', 'str4'), B)>
{x} i
{'str20'} 20
{'str22'} 22
{'str24'} 24
{'str26'} 26
{'str28'} 28
{'str3'} 3
{'str31'} 31
{'str33'} 33
{'str35'} 35
{'str37'} 37
{'str39'} 39

SCIDB QUERY : <subarray(A, 'str3', 'str5')>
{x} i
{'str3'} 3
{'str31'} 31
{'str33'} 33
{'str35'} 35
{'str37'} 37
{'str39'} 39
{'str40'} 40
{'str42'} 42
{'str44'} 44
{'str46'} 46
{'str48'} 48
{'str5'} 5

SCIDB QUERY : <subarray(B, 'str2', 'str3')>
{x} i
{'str20'} 20
{'str22'} 22
{'str24'} 24
{'str26'} 26
{'str28'} 28
{'str3'} 3

SCIDB QUERY : <subarray(subarray(A, 'str3', 'str5'), 'str4', 'str5')>
{x} i
{'str40'} 40
{'str42'} 42
{'str44'} 44
{'str46'} 46
{'str48'} 48
{'str5'} 5

SCIDB QUERY : <subarray(A, 0, 100)>
[An error expected at this place for the query "subarray(A, 0, 100)". And it failed with error code = scidb::SCIDB_SE_TYPE::SCIDB_LE_CANT_FIND_IMPLICIT_CONVERTER. Expected error code = scidb::SCIDB_SE_TYPE::SCIDB_LE_CANT_FIND_IMPLICIT_CONVERTER.]

SCIDB QUERY : <subarray(A, null, null)>
{x} i
{'str3'} 3
{'str31'} 31
{'str33'} 33
{'str35'} 35
{'str37'} 37
{'str39'} 39
{'str40'} 40
{'str42'} 42
{'str44'} 44
{'str46'} 46
{'str48'} 48
{'str5'} 5

SCIDB QUERY : <subarray(subarray(A, null, null), 0, 100)>
[An error expected at this place for the query "subarray(subarray(A, null, null), 0, 100)". And it failed with error code = scidb::SCIDB_SE_TYPE::SCIDB_LE_CANT_FIND_IMPLICIT_CONVERTER. Expected error code = scidb::SCIDB_SE_TYPE::SCIDB_LE_CANT_FIND_IMPLICIT_CONVERTER.]

SCIDB QUERY : <remove(Orig)>
Query was executed successfully

SCIDB QUERY : <remove(Flipped)>
Query was executed successfully

SCIDB QUERY : <remove(A)>
Query was executed successfully

SCIDB QUERY : <remove(B)>
Query was executed successfully

