[An error expected at this place for the query "create array A <a:int32> [x=*:0,5,0]". And it failed with error code = scidb::SCIDB_SE_PARSER::SCIDB_LE_QUERY_PARSING_ERROR. Expected error code = scidb::SCIDB_SE_PARSER::SCIDB_LE_QUERY_PARSING_ERROR.]

[An error expected at this place for the query "create array A <a:int32> [x=*:6,5,0]". And it failed with error code = scidb::SCIDB_SE_PARSER::SCIDB_LE_QUERY_PARSING_ERROR. Expected error code = scidb::SCIDB_SE_PARSER::SCIDB_LE_QUERY_PARSING_ERROR.]

[An error expected at this place for the query "create array A <a:int32> [x=*:-3,5,0]". And it failed with error code = scidb::SCIDB_SE_PARSER::SCIDB_LE_QUERY_PARSING_ERROR. Expected error code = scidb::SCIDB_SE_PARSER::SCIDB_LE_QUERY_PARSING_ERROR.]

[An error expected at this place for the query "create array A <a:int32> [x=*:*,2,0]". And it failed with error code = scidb::SCIDB_SE_PARSER::SCIDB_LE_QUERY_PARSING_ERROR. Expected error code = scidb::SCIDB_SE_PARSER::SCIDB_LE_QUERY_PARSING_ERROR.]

