SCIDB QUERY : <CREATE ARRAY m3x3<val:double>[i=0:2,3,0,j=0:2,3,0]>
[Query was executed successfully, ignoring data output by this query.]

SCIDB QUERY : <store(build(m3x3,random()%10/1.0),m3x3)>
[Query was executed successfully, ignoring data output by this query.]

SCIDB QUERY : <aggregate(m3x3,var(val),j)>
[Query was executed successfully, ignoring data output by this query.]

Query was executed successfully

