SCIDB QUERY : <create array A <r:string NULL>[x=10:17,2,0]>
Query was executed successfully

SCIDB QUERY : <store(build(A,20*x+1),A)>
{x} r
{10} '201'
{11} '221'
{12} '241'
{13} '261'
{14} '281'
{15} '301'
{16} '321'
{17} '341'

SCIDB QUERY : <store(apply(A,s, iif(x=13,null,iif(x=16,null,x))),B)>
{x} r,s
{10} '201',10
{11} '221',11
{12} '241',12
{13} '261',null
{14} '281',14
{15} '301',15
{16} '321',null
{17} '341',17

SCIDB QUERY : <create array Z <val:double NULL> [x=0:5,3,0]>
Query was executed successfully

SCIDB QUERY : <store(build(Z,iif(x=1,-5.0/(2.0-2.0),iif(x=3 or x=4,null,5.0/(2.0-2.0)))),Z)>
{x} val
{0} inf
{1} -inf
{2} inf
{3} null
{4} null
{5} inf

SCIDB QUERY : <create array SortNanNullInf < I : int64, V : double NULL > [ Line=0:*,6,0 ]>
Query was executed successfully

SCIDB QUERY : <iquery -c $IQUERY_HOST -p $IQUERY_PORT -aq "load ( SortNanNullInf, '${TEST_DATA_DIR}/sort_nan_null_inf.txt')">
{Line} I,V
{0} 0,9
{1} 1,-inf
{2} 2,nan
{3} 3,null
{4} 4,10
{5} 5,nan
{6} 6,null
{7} 7,nan
{8} 8,inf
{9} 9,inf
{10} 10,nan
{11} 11,nan
{12} 12,null
{13} 13,null
{14} 14,9

SCIDB QUERY : <sort(A)>
{n} r
{0} '201'
{1} '221'
{2} '241'
{3} '261'
{4} '281'
{5} '301'
{6} '321'
{7} '341'

SCIDB QUERY : <sort(A,r)>
{n} r
{0} '201'
{1} '221'
{2} '241'
{3} '261'
{4} '281'
{5} '301'
{6} '321'
{7} '341'

SCIDB QUERY : <sort(A, r desc)>
{n} r
{0} '341'
{1} '321'
{2} '301'
{3} '281'
{4} '261'
{5} '241'
{6} '221'
{7} '201'

SCIDB QUERY : <sort(A desc)>
[An error expected at this place for the query "sort(A desc)". And it failed with error code = scidb::SCIDB_SE_SYNTAX::SCIDB_LE_SORTING_QUIRK_WRONG_USAGE. Expected error code = scidb::SCIDB_SE_SYNTAX::SCIDB_LE_SORTING_QUIRK_WRONG_USAGE.]

SCIDB QUERY : <sort(A asc)>
[An error expected at this place for the query "sort(A asc)". And it failed with error code = scidb::SCIDB_SE_SYNTAX::SCIDB_LE_SORTING_QUIRK_WRONG_USAGE. Expected error code = scidb::SCIDB_SE_SYNTAX::SCIDB_LE_SORTING_QUIRK_WRONG_USAGE.]

SCIDB QUERY : <sort(A, desc)>
[An error expected at this place for the query "sort(A, desc)". And it failed with error code = scidb::SCIDB_SE_QPROC::SCIDB_LE_WRONG_OPERATOR_ARGUMENT2. Expected error code = scidb::SCIDB_SE_QPROC::SCIDB_LE_WRONG_OPERATOR_ARGUMENT2.]

SCIDB QUERY : <sort(B,s)>
{n} r,s
{0} '261',null
{1} '321',null
{2} '201',10
{3} '221',11
{4} '241',12
{5} '281',14
{6} '301',15
{7} '341',17

SCIDB QUERY : <sort(B, s desc)>
{n} r,s
{0} '341',17
{1} '301',15
{2} '281',14
{3} '241',12
{4} '221',11
{5} '201',10
{6} '261',null
{7} '321',null

SCIDB QUERY : <sort(B, s asc)>
{n} r,s
{0} '261',null
{1} '321',null
{2} '201',10
{3} '221',11
{4} '241',12
{5} '281',14
{6} '301',15
{7} '341',17

SCIDB QUERY : <sort(B desc)>
[An error expected at this place for the query "sort(B desc)". And it failed with error code = scidb::SCIDB_SE_SYNTAX::SCIDB_LE_SORTING_QUIRK_WRONG_USAGE. Expected error code = scidb::SCIDB_SE_SYNTAX::SCIDB_LE_SORTING_QUIRK_WRONG_USAGE.]

SCIDB QUERY : <sort(B desc)>
[An error expected at this place for the query "sort(B desc)". And it failed with error code = scidb::SCIDB_SE_SYNTAX::SCIDB_LE_SORTING_QUIRK_WRONG_USAGE. Expected error code = scidb::SCIDB_SE_SYNTAX::SCIDB_LE_SORTING_QUIRK_WRONG_USAGE.]

SCIDB QUERY : <sort(Z asc)>
[An error expected at this place for the query "sort(Z asc)". And it failed with error code = scidb::SCIDB_SE_SYNTAX::SCIDB_LE_SORTING_QUIRK_WRONG_USAGE. Expected error code = scidb::SCIDB_SE_SYNTAX::SCIDB_LE_SORTING_QUIRK_WRONG_USAGE.]

SCIDB QUERY : <sort(Z desc)>
[An error expected at this place for the query "sort(Z desc)". And it failed with error code = scidb::SCIDB_SE_SYNTAX::SCIDB_LE_SORTING_QUIRK_WRONG_USAGE. Expected error code = scidb::SCIDB_SE_SYNTAX::SCIDB_LE_SORTING_QUIRK_WRONG_USAGE.]

SCIDB QUERY : <sort(Z)>
{n} val
{0} null
{1} null
{2} -inf
{3} inf
{4} inf
{5} inf

SCIDB QUERY : <sort(Z,val)>
{n} val
{0} null
{1} null
{2} -inf
{3} inf
{4} inf
{5} inf

SCIDB QUERY : <sort(Z,val desc)>
{n} val
{0} inf
{1} inf
{2} inf
{3} -inf
{4} null
{5} null

SCIDB QUERY : <sort(SortNanNullInf)>
{n} I,V
{0} 0,9
{1} 1,-inf
{2} 2,nan
{3} 3,null
{4} 4,10
{5} 5,nan
{6} 6,null
{7} 7,nan
{8} 8,inf
{9} 9,inf
{10} 10,nan
{11} 11,nan
{12} 12,null
{13} 13,null
{14} 14,9

SCIDB QUERY : <sort(SortNanNullInf, V)>
{n} I,V
{0} 3,null
{1} 6,null
{2} 12,null
{3} 13,null
{4} 2,nan
{5} 5,nan
{6} 7,nan
{7} 10,nan
{8} 11,nan
{9} 1,-inf
{10} 0,9
{11} 14,9
{12} 4,10
{13} 8,inf
{14} 9,inf

SCIDB QUERY : <remove(A)>
Query was executed successfully

SCIDB QUERY : <remove(B)>
Query was executed successfully

SCIDB QUERY : <remove(Z)>
Query was executed successfully

SCIDB QUERY : <remove(SortNanNullInf)>
Query was executed successfully

