SCIDB QUERY : <create array A <a:string null> [x=0:2,3,2,y=0:2,3,2]>
Query was executed successfully

SCIDB QUERY : <store(build(A,string(x+y+1)),A)>
[[("1"),("2"),("3")],[("2"),("3"),("4")],[("3"),("4"),("5")]]

SCIDB QUERY : <update A set a=null where x%2=0 and y%2=0>
[[(null),("2"),(null)],[("2"),("3"),("4")],[(null),("4"),(null)]]

SCIDB QUERY : <select a,x,y from A>
[[(null,0,0),("2",0,1),(null,0,2)],[("2",1,0),("3",1,1),("4",1,2)],[(null,2,0),("4",2,1),(null,2,2)]]

SCIDB QUERY : <window(A,1,1,var1,'','_'+a+'_'+string(x)+'_'+string(y)+'_'+var1)>
[[("",0),("_2_0_1_",1),("",0)],[("_2_1_0_",1),("_3_1_1_",1),("_4_1_2_",1)],[("",0),("_4_2_1_",1),("",0)]]

SCIDB QUERY : <window(A,2,1,var1,'','_'+a+'_'+var1)>
[[("",0),("_2_",1),("",0)],[("_2_",1),("_3__2_",2),("_4_",1)],[("_2_",1),("_4__3_",2),("_4_",1)]]

SCIDB QUERY : <window(A,1,2,var1,'','_'+a+'_'+var1)>
[[("",0),("_2_",1),("_2_",1)],[("_2_",1),("_3__2_",2),("_4__3_",2)],[("",0),("_4_",1),("_4_",1)]]

SCIDB QUERY : <window(A,2,2,var1,'','_'+string(x)+'_'+var1)>
[[("",0),("_0_",1),("_0_",1)],[("_1_",1),("_1__1__0_",3),("_1__1__0_",3)],[("_1_",1),("_2__1__1_",3),("_2__1__1_",3)]]

SCIDB QUERY : <window(A,3,3,var1,'','_'+string(y)+'_'+var1)>
[[("_1__0__1_",3),("_2__1__0__1_",4),("_2__1__1_",3)],[("_1__1__0__1_",4),("_1__2__1__0__1_",5),("_1__2__1__1_",4)],[("_1__1__0_",3),("_1__2__1__0_",4),("_1__2__1_",3)]]

SCIDB QUERY : <window(A,4,4,var1,'','_'+a+'_'+string(x)+'_'+var1)>
[[("_3_1__2_1__2_0_",3),("_4_1__3_1__2_1__2_0_",4),("_4_1__3_1__2_1__2_0_",4)],[("_4_2__3_1__2_1__2_0_",4),("_4_2__4_1__3_1__2_1__2_0_",5),("_4_2__4_1__3_1__2_1__2_0_",5)],[("_4_2__3_1__2_1__2_0_",4),("_4_2__4_1__3_1__2_1__2_0_",5),("_4_2__4_1__3_1__2_1__2_0_",5)]]

SCIDB QUERY : <window(A,5,5,var1,'','_'+a+'_'+string(y)+'_'+var1)>
[[("_4_1__4_2__3_1__2_0__2_1_",5),("_4_1__4_2__3_1__2_0__2_1_",5),("_4_1__4_2__3_1__2_0__2_1_",5)],[("_4_1__4_2__3_1__2_0__2_1_",5),("_4_1__4_2__3_1__2_0__2_1_",5),("_4_1__4_2__3_1__2_0__2_1_",5)],[("_4_1__4_2__3_1__2_0__2_1_",5),("_4_1__4_2__3_1__2_0__2_1_",5),("_4_1__4_2__3_1__2_0__2_1_",5)]]

SCIDB QUERY : <window(A,1,1,var1,'+_','_'+a+'_'+var1)>
[[("+_",0),("_2_+_",1),("+_",0)],[("_2_+_",1),("_3_+_",1),("_4_+_",1)],[("+_",0),("_4_+_",1),("+_",0)]]

SCIDB QUERY : <window(A,2,1,var1,'*_','_'+string(y)+'_'+string(x)+'_'+var1)>
[[("*_",0),("_1_0_*_",1),("*_",0)],[("_0_1_*_",1),("_1_1__1_0_*_",2),("_2_1_*_",1)],[("_0_1_*_",1),("_1_2__1_1_*_",2),("_2_1_*_",1)]]

SCIDB QUERY : <window(A,1,2,var1,'-+_','_'+string(y)+'_'+var1)>
[[("-+_",0),("_1_-+_",1),("_1_-+_",1)],[("_0_-+_",1),("_1__0_-+_",2),("_2__1_-+_",2)],[("-+_",0),("_1_-+_",1),("_1_-+_",1)]]

SCIDB QUERY : <window(A,2,2,var1,'-/_','_'+a+'_'+string(x)+'_'+string(y)+'_'+var1)>
[[("-/_",0),("_2_0_1_-/_",1),("_2_0_1_-/_",1)],[("_2_1_0_-/_",1),("_3_1_1__2_1_0__2_0_1_-/_",3),("_4_1_2__3_1_1__2_0_1_-/_",3)],[("_2_1_0_-/_",1),("_4_2_1__3_1_1__2_1_0_-/_",3),("_4_2_1__4_1_2__3_1_1_-/_",3)]]

SCIDB QUERY : <window(A,3,3,var1,string(0),'_'+a+'_'+var1)>
[[("_3__2__2_0",3),("_4__3__2__2_0",4),("_4__3__2_0",3)],[("_4__3__2__2_0",4),("_4__4__3__2__2_0",5),("_4__4__3__2_0",4)],[("_4__3__2_0",3),("_4__4__3__2_0",4),("_4__4__3_0",3)]]

SCIDB QUERY : <window(A,4,4,var1,'-*_','_'+a+'_'+string(y)+'_'+var1)>
[[("_3_1__2_0__2_1_-*_",3),("_4_2__3_1__2_0__2_1_-*_",4),("_4_2__3_1__2_0__2_1_-*_",4)],[("_4_1__3_1__2_0__2_1_-*_",4),("_4_1__4_2__3_1__2_0__2_1_-*_",5),("_4_1__4_2__3_1__2_0__2_1_-*_",5)],[("_4_1__3_1__2_0__2_1_-*_",4),("_4_1__4_2__3_1__2_0__2_1_-*_",5),("_4_1__4_2__3_1__2_0__2_1_-*_",5)]]

SCIDB QUERY : <window(A,5,5,var1,'*_','_'+a+'_'+string(x)+'_'+var1)>
[[("_4_2__4_1__3_1__2_1__2_0_*_",5),("_4_2__4_1__3_1__2_1__2_0_*_",5),("_4_2__4_1__3_1__2_1__2_0_*_",5)],[("_4_2__4_1__3_1__2_1__2_0_*_",5),("_4_2__4_1__3_1__2_1__2_0_*_",5),("_4_2__4_1__3_1__2_1__2_0_*_",5)],[("_4_2__4_1__3_1__2_1__2_0_*_",5),("_4_2__4_1__3_1__2_1__2_0_*_",5),("_4_2__4_1__3_1__2_1__2_0_*_",5)]]

SCIDB QUERY : <remove(A)>
Query was executed successfully

