SCIDB QUERY : <create array A <a:int32 null,b:double null> [x=0:7,3,2]>
Query was executed successfully

SCIDB QUERY : <create array T1 <a:int32> [x=0:7,3,2]>
Query was executed successfully

SCIDB QUERY : <create array T2 <b:double> [x=0:7,3,2]>
Query was executed successfully

SCIDB QUERY : <store(filter(build(T1,x+10),x<>2 and x<>5),T1)>
{x} a
{0} 10
{1} 11
{3} 13
{4} 14
{6} 16
{7} 17

SCIDB QUERY : <store(filter(build(T2,x+12.2),x<>2 and x<>5),T2)>
{x} b
{0} 12.2
{1} 13.2
{3} 15.2
{4} 16.2
{6} 18.2
{7} 19.2

SCIDB QUERY : <store(filter(join(T1,T2),1),A)>
{x} a,b
{0} 10,12.2
{1} 11,13.2
{3} 13,15.2
{4} 14,16.2
{6} 16,18.2
{7} 17,19.2

SCIDB QUERY : <update A set a=null, b=null where x=0>
{x} a,b
{0} null,null
{1} 11,13.2
{3} 13,15.2
{4} 14,16.2
{6} 16,18.2
{7} 17,19.2

SCIDB QUERY : <store(filter(build(T1,x-10),x<>2 and x<>5),T1)>
{x} a
{0} -10
{1} -9
{3} -7
{4} -6
{6} -4
{7} -3

SCIDB QUERY : <store(filter(build(T2,x-12),x<>2 and x<>5),T2)>
{x} b
{0} -12
{1} -11
{3} -9
{4} -8
{6} -6
{7} -5

SCIDB QUERY : <store(filter(join(T1,T2),1),A)>
{x} a,b
{0} -10,-12
{1} -9,-11
{3} -7,-9
{4} -6,-8
{6} -4,-6
{7} -3,-5

SCIDB QUERY : <update A set a=null where x=0>
{x} a,b
{0} null,-12
{1} -9,-11
{3} -7,-9
{4} -6,-8
{6} -4,-6
{7} -3,-5

SCIDB QUERY : <window(A,8,9,sum(a),max(a))>
{x} a_sum,a_max
{0} -29,-3
{1} -29,-3
{3} -29,-3
{4} -29,-3
{6} -29,-3
{7} -29,-3

SCIDB QUERY : <window(A,1,1,max(a),var(a),stdev(a),count(a),sum(a),min(a))>
{x} a_max,a_var,a_stdev,a_count,a_sum,a_min
{0} -9,null,null,1,-9,-9
{1} -9,null,null,1,-9,-9
{3} -6,0.5,0.707107,2,-13,-7
{4} -6,0.5,0.707107,2,-13,-7
{6} -3,0.5,0.707107,2,-7,-4
{7} -3,0.5,0.707107,2,-7,-4

SCIDB QUERY : <window(A,1,2,min(a),count(*))>
{x} a_min,count
{0} -9,2
{1} -9,3
{3} -7,2
{4} -7,3
{6} -4,2
{7} -4,2

SCIDB QUERY : <window(A,0,1,count(a),count(*))>
{x} a_count,count
{0} 1,2
{1} 1,1
{3} 2,2
{4} 1,1
{6} 2,2
{7} 1,1

SCIDB QUERY : <window(A,1,1,count(*),sum(a))>
{x} count,a_sum
{0} 2,-9
{1} 2,-9
{3} 2,-13
{4} 2,-13
{6} 2,-7
{7} 2,-7

SCIDB QUERY : <window(A,2,2,stdev(a),avg(a))>
{x} a_stdev,a_avg
{0} null,-9
{1} 1.41421,-8
{3} 1.52753,-7.33333
{4} 1.52753,-5.66667
{6} 1.52753,-4.33333
{7} 0.707107,-3.5

SCIDB QUERY : <window(A,4,4,var(a),stdev(a))>
{x} a_var,a_stdev
{0} 2.33333,1.52753
{1} 2.33333,1.52753
{3} 5.7,2.38747
{4} 5.7,2.38747
{6} 3.33333,1.82574
{7} 3.33333,1.82574

SCIDB QUERY : <store(filter(build(T1,x+10),x<>2 and x<>5),T1)>
{x} a
{0} 10
{1} 11
{3} 13
{4} 14
{6} 16
{7} 17

SCIDB QUERY : <store(filter(build(T2,x+12),x<>2 and x<>5),T2)>
{x} b
{0} 12
{1} 13
{3} 15
{4} 16
{6} 18
{7} 19

SCIDB QUERY : <store(filter(join(T1,T2),1),A)>
{x} a,b
{0} 10,12
{1} 11,13
{3} 13,15
{4} 14,16
{6} 16,18
{7} 17,19

SCIDB QUERY : <update A set b=null where x=0>
{x} a,b
{0} 10,null
{1} 11,13
{3} 13,15
{4} 14,16
{6} 16,18
{7} 17,19

SCIDB QUERY : <window(A,8,9,sum(b),max(b))>
{x} b_sum,b_max
{0} 81,19
{1} 81,19
{3} 81,19
{4} 81,19
{6} 81,19
{7} 81,19

SCIDB QUERY : <window(A,1,1,max(a),var(b),stdev(a),count(a),sum(b),min(a))>
{x} a_max,b_var,a_stdev,a_count,b_sum,a_min
{0} 11,null,0.707107,2,13,10
{1} 11,null,0.707107,2,13,10
{3} 14,0.5,0.707107,2,31,13
{4} 14,0.5,0.707107,2,31,13
{6} 17,0.5,0.707107,2,37,16
{7} 17,0.5,0.707107,2,37,16

SCIDB QUERY : <window(A,1,2,min(a),count(*))>
{x} a_min,count
{0} 10,2
{1} 10,3
{3} 13,2
{4} 13,3
{6} 16,2
{7} 16,2

SCIDB QUERY : <window(A,0,1,count(b),count(*))>
{x} b_count,count
{0} 1,2
{1} 1,1
{3} 2,2
{4} 1,1
{6} 2,2
{7} 1,1

SCIDB QUERY : <window(A,1,1,count(*),sum(a))>
{x} count,a_sum
{0} 2,21
{1} 2,21
{3} 2,27
{4} 2,27
{6} 2,33
{7} 2,33

SCIDB QUERY : <window(A,2,2,stdev(a),avg(b))>
{x} a_stdev,b_avg
{0} 0.707107,13
{1} 1.52753,14
{3} 1.52753,14.6667
{4} 1.52753,16.3333
{6} 1.52753,17.6667
{7} 0.707107,18.5

SCIDB QUERY : <window(A,4,4,var(b),stdev(a))>
{x} b_var,a_stdev
{0} 2.33333,1.82574
{1} 2.33333,1.82574
{3} 5.7,2.73861
{4} 5.7,2.73861
{6} 3.33333,1.82574
{7} 3.33333,1.82574

SCIDB QUERY : <remove(A)>
Query was executed successfully

SCIDB QUERY : <remove(T1)>
Query was executed successfully

SCIDB QUERY : <remove(T2)>
Query was executed successfully

