SCIDB QUERY : <create array A <a:string> [x=0:8,3,0]>
Query was executed successfully

SCIDB QUERY : <store(build(A,string(x+10)),A)>
[("10"),("11"),("12"),("13"),("14"),("15"),("16"),("17"),("18")]

SCIDB QUERY : <update A set a=null where x%3=0>
[(""),("11"),("12"),(""),("14"),("15"),(""),("17"),("18")]

SCIDB QUERY : <window(A,1,var1,'',a+var1)>
[("",1),("11",1),("12",1),("",1),("14",1),("15",1),("",1),("17",1),("18",1)]

SCIDB QUERY : <window(A,1,var1,'',string(x)+'_'+var1)>
[("0_",1),("1_",1),("2_",1),("3_",1),("4_",1),("5_",1),("6_",1),("7_",1),("8_",1)]

SCIDB QUERY : <window(A,1,var1,'1_',string(x)+'_'+var1)>
[("0_1_",1),("1_1_",1),("2_1_",1),("3_1_",1),("4_1_",1),("5_1_",1),("6_1_",1),("7_1_",1),("8_1_",1)]

SCIDB QUERY : <window(A,1,var1,'10_',a+'_'+var1)>
[("_10_",1),("11_10_",1),("12_10_",1),("_10_",1),("14_10_",1),("15_10_",1),("_10_",1),("17_10_",1),("18_10_",1)]

SCIDB QUERY : <remove(A)>
Query was executed successfully

