[An error expected at this place for the query "adddim(project(join(build(<attr1:double>[I=0:9,10,0],double(random()%1000)/100.0),build(<attr2:double>[I=0:9,10,0],double(random()%1000)/100.0)),attr1),I)". And it failed with error code = scidb::SCIDB_SE_INFER_SCHEMA::SCIDB_LE_DUPLICATE_DIMENSION_NAME. Expected error code = scidb::SCIDB_SE_INFER_SCHEMA::SCIDB_LE_DUPLICATE_DIMENSION_NAME.]

