Error in file '/tmp/huge_lexem_2' near line 1
Error id: scidb::SCIDB_SE_PARSER::SCIDB_LE_QUERY_PARSING_ERROR
Error description: Error during query parsing. Query parser failed with error 'syntax error'.

Error in file '/tmp/huge_lexem_1' near line 1
Error id: scidb::SCIDB_SE_PARSER::SCIDB_LE_QUERY_PARSING_ERROR
Error description: Error during query parsing. Query parser failed with error 'syntax error'.

