SCIDB QUERY : <load_library('linear_algebra')>
Query was executed successfully

SCIDB QUERY : <create array sp1_c1_1  <a:double>[x=0:1,1,0, y=0:1,1,0]>
Query was executed successfully

SCIDB QUERY : <store( filter(build(sp1_c1_1,   1), true),  sp1_c1_1 )>
{x,y} a
{0,0} 1
{0,1} 1
{1,0} 1
{1,1} 1

SCIDB QUERY : <spgemm(sp1_c1_1, sp1_c1_1,'rightReplicate=false')>
{x,y} multiply
{0,0} 2
{0,1} 2
{1,0} 2
{1,1} 2

SCIDB QUERY : <spgemm(sp1_c1_1, sp1_c1_1,'rightReplicate=true')>
{x,y} multiply
{0,0} 2
{0,1} 2
{1,0} 2
{1,1} 2

SCIDB QUERY : <remove(sp1_c1_1)>
Query was executed successfully

