Query was executed successfully

{x} a
{0} 1
{1} 2
{2} 3

{x} a
{0} 2
{1} 3
{2} 4

Query was executed successfully

{y} a
{0} 2
{1} 3
{2} 4

{x} a,a
{0} 1,2
{1} 2,3
{2} 3,4

{y} a,a
{0} 2,1
{1} 3,2
{2} 4,3

Query was executed successfully

Query was executed successfully

Query was executed successfully

