Query was executed successfully

Query was executed successfully

{i} a
{0} 'a'
{1} 'a'
{2} 'a'

{i} a
{0} 'a'
{1} 'b'
{2} 'a'

{i} a
{0} 'a'
{1} 'b'
{2} 'c'

{a} i
{'a'} 0
{'b'} 1
{'c'} 2

{i} a
{0} 'a'
{1} 'b'
{2} 'c'

{i} a
{0} 'a'
{1} 'a'
{2} 'a'

{i} a
{0} 'a'
{1} 'b'
{2} 'a'

{i} a
{0} 'a'
{1} 'b'
{2} 'c'

{a} i
{'a'} 0
{'b'} 1
{'c'} 2

{a} i
{'a'} 0
{'b'} 1
{'c'} 2

{no} value
{0} 'a'
{1} 'b'
{2} 'c'

{no} value
{0} 'a'
{1} 'b'
{2} 'c'

[An error expected at this place for the query "select * from foo@4". And it failed with error code = scidb::SCIDB_SE_QPROC::SCIDB_LE_ARRAY_VERSION_DOESNT_EXIST. Expected error code = scidb::SCIDB_SE_QPROC::SCIDB_LE_ARRAY_VERSION_DOESNT_EXIST.]

[An error expected at this place for the query "select * from foo:z". And it failed with error code = scidb::SCIDB_SE_SYNTAX::SCIDB_LE_DIMENSION_NOT_EXIST. Expected error code = scidb::SCIDB_SE_SYNTAX::SCIDB_LE_DIMENSION_NOT_EXIST.]

[An error expected at this place for the query "select * from foo@4:z". And it failed with error code = scidb::SCIDB_SE_QPROC::SCIDB_LE_ARRAY_VERSION_DOESNT_EXIST. Expected error code = scidb::SCIDB_SE_QPROC::SCIDB_LE_ARRAY_VERSION_DOESNT_EXIST.]

[An error expected at this place for the query "select * from foo:i". And it failed with error code = scidb::SCIDB_SE_SYNTAX::SCIDB_LE_NO_MAPPING_ARRAY. Expected error code = scidb::SCIDB_SE_SYNTAX::SCIDB_LE_NO_MAPPING_ARRAY.]

{i} a
{0} 'a'
{1} 'b'
{2} 'c'

{i} a
{0} 'a'
{1} 'a'
{2} 'a'

{i} a
{0} 'a'
{1} 'b'
{2} 'a'

{i} a
{0} 'a'
{1} 'b'
{2} 'c'

{a} i
{'a'} 0
{'b'} 1
{'c'} 2

{a} i
{'a'} 0
{'b'} 1
{'c'} 2

{no} value
{0} 'a'
{1} 'b'
{2} 'c'

{no} value
{0} 'a'
{1} 'b'
{2} 'c'

[An error expected at this place for the query "scan(foo@4)". And it failed with error code = scidb::SCIDB_SE_QPROC::SCIDB_LE_ARRAY_VERSION_DOESNT_EXIST. Expected error code = scidb::SCIDB_SE_QPROC::SCIDB_LE_ARRAY_VERSION_DOESNT_EXIST.]

[An error expected at this place for the query "scan(foo:z)". And it failed with error code = scidb::SCIDB_SE_SYNTAX::SCIDB_LE_DIMENSION_NOT_EXIST. Expected error code = scidb::SCIDB_SE_SYNTAX::SCIDB_LE_DIMENSION_NOT_EXIST.]

[An error expected at this place for the query "scan(foo@4:z)". And it failed with error code = scidb::SCIDB_SE_QPROC::SCIDB_LE_ARRAY_VERSION_DOESNT_EXIST. Expected error code = scidb::SCIDB_SE_QPROC::SCIDB_LE_ARRAY_VERSION_DOESNT_EXIST.]

[An error expected at this place for the query "scan(foo:i)". And it failed with error code = scidb::SCIDB_SE_SYNTAX::SCIDB_LE_NO_MAPPING_ARRAY. Expected error code = scidb::SCIDB_SE_SYNTAX::SCIDB_LE_NO_MAPPING_ARRAY.]

Query was executed successfully

Query was executed successfully

