{i} v
{1} ?8

{i} v
{1} null

{i} v
{1} ?8

{i} v
{1} ?8

{i} v
{1} ?8

[An error expected at this place for the query "build(<v:double null>[i=1:1,1,0], missing(128))". And it failed with error code = scidb::SCIDB_SE_EXECUTION::SCIDB_LE_BAD_MISSING_REASON. Expected error code = scidb::SCIDB_SE_EXECUTION::SCIDB_LE_BAD_MISSING_REASON.]

[An error expected at this place for the query "build(<v:double null>[i=1:1,1,0], missing(-1))". And it failed with error code = scidb::SCIDB_SE_EXECUTION::SCIDB_LE_BAD_MISSING_REASON. Expected error code = scidb::SCIDB_SE_EXECUTION::SCIDB_LE_BAD_MISSING_REASON.]

